
Setting environment for using XAMPP for Windows.
726943@128-IMAC35 c:\xampp
# mysql -u root -p :create database csd2204w18;
mysql  Ver 15.1 Distrib 10.1.21-MariaDB, for Win32 (AMD64)
Copyright (c) 2000, 2016, Oracle, MariaDB Corporation Ab and others.

Usage: mysql [OPTIONS] [database]

Default options are read from the following files in the given order:
C:\Windows\my.ini C:\Windows\my.cnf C:\my.ini C:\my.cnf C:\xampp\mysql\my.ini C:\xampp\mysql\my.cnf C:\xampp\mysql\data\my.ini C:\xampp\mysql\data\my.cnf C:\xampp\mysql\bin\my.ini C:\xampp\mysql\bin\my.cnf
The following groups are read: mysql client client-server client-mariadb
The following options may be given as the first argument:
--print-defaults        Print the program argument list and exit.
--no-defaults           Don't read default options from any option file.
--defaults-file=#       Only read default options from the given file #.
--defaults-extra-file=# Read this file after the global files are read.

  -?, --help          Display this help and exit.
  -I, --help          Synonym for -?
  --abort-source-on-error
                      Abort 'source filename' operations in case of errors
  --auto-rehash       Enable automatic rehashing. One doesn't need to use
                      'rehash' to get table and field completion, but startup
                      and reconnecting may take a longer time. Disable with
                      --disable-auto-rehash.
                      (Defaults to on; use --skip-auto-rehash to disable.)
  -A, --no-auto-rehash
                      No automatic rehashing. One has to use 'rehash' to get
                      table and field completion. This gives a quicker start of
                      mysql and disables rehashing on reconnect.
  --auto-vertical-output
                      Automatically switch to vertical output mode if the
                      result is wider than the terminal width.
  -B, --batch         Don't use history file. Disable interactive behavior.
                      (Enables --silent.)
  --character-sets-dir=name
                      Directory for character set files.
  --column-type-info  Display column type information.
  -c, --comments      Preserve comments. Send comments to the server. The
                      default is --skip-comments (discard comments), enable
                      with --comments.
  -C, --compress      Use compression in server/client protocol.
  -#, --debug[=#]     This is a non-debug version. Catch this and exit.
  --debug-check       Check memory and open file usage at exit.
  -T, --debug-info    Print some debug info at exit.
  -D, --database=name Database to use.
  --default-character-set=name
                      Set the default character set.
  --delimiter=name    Delimiter to be used.
  -e, --execute=name  Execute command and quit. (Disables --force and history
                      file.)
  -E, --vertical      Print the output of a query (rows) vertically.
  -f, --force         Continue even if we get an SQL error. Sets
                      abort-source-on-error to 0
  -G, --named-commands
                      Enable named commands. Named commands mean this program's
                      internal commands; see mysql> help . When enabled, the
                      named commands can be used from any line of the query,
                      otherwise only from the first line, before an enter.
                      Disable with --disable-named-commands. This option is
                      disabled by default.
  -i, --ignore-spaces Ignore space after function names.
  --init-command=name SQL Command to execute when connecting to MySQL server.
                      Will automatically be re-executed when reconnecting.
  --local-infile      Enable/disable LOAD DATA LOCAL INFILE.
  -b, --no-beep       Turn off beep on error.
  -h, --host=name     Connect to host.
  -H, --html          Produce HTML output.
  -X, --xml           Produce XML output.
  --line-numbers      Write line numbers for errors.
                      (Defaults to on; use --skip-line-numbers to disable.)
  -L, --skip-line-numbers
                      Don't write line number for errors.
  -n, --unbuffered    Flush buffer after each query.
  --column-names      Write column names in results.
                      (Defaults to on; use --skip-column-names to disable.)
  -N, --skip-column-names
                      Don't write column names in results.
  --sigint-ignore     Ignore SIGINT (CTRL-C).
  -o, --one-database  Ignore statements except those that occur while the
                      default database is the one named at the command line.
  -p, --password[=name]
                      Password to use when connecting to server. If password is
                      not given it's asked from the tty.
  -W, --pipe          Use named pipes to connect to server.
  -P, --port=#        Port number to use for connection or 0 for default to, in
                      order of preference, my.cnf, $MYSQL_TCP_PORT,
                      /etc/services, built-in default (3306).
  --progress-reports  Get progress reports for long running commands (like
                      ALTER TABLE)
                      (Defaults to on; use --skip-progress-reports to disable.)
  --prompt=name       Set the mysql prompt to this value.
  --protocol=name     The protocol to use for connection (tcp, socket, pipe,
                      memory).
  -q, --quick         Don't cache result, print it row by row. This may slow
                      down the server if the output is suspended. Doesn't use
                      history file.
  -r, --raw           Write fields without conversion. Used with --batch.
  --reconnect         Reconnect if the connection is lost. Disable with
                      --disable-reconnect. This option is enabled by default.
                      (Defaults to on; use --skip-reconnect to disable.)
  -s, --silent        Be more silent. Print results with a tab as separator,
                      each row on new line.
  --shared-memory-base-name=name
                      Base name of shared memory.
  -S, --socket=name   The socket file to use for connection.
  --ssl               Enable SSL for connection (automatically enabled with
                      other flags).
  --ssl-ca=name       CA file in PEM format (check OpenSSL docs, implies
                      --ssl).
  --ssl-capath=name   CA directory (check OpenSSL docs, implies --ssl).
  --ssl-cert=name     X509 cert in PEM format (implies --ssl).
  --ssl-cipher=name   SSL cipher to use (implies --ssl).
  --ssl-key=name      X509 key in PEM format (implies --ssl).
  --ssl-crl=name      Certificate revocation list (implies --ssl).
  --ssl-crlpath=name  Certificate revocation list path (implies --ssl).
  --ssl-verify-server-cert
                      Verify server's "Common Name" in its cert against
                      hostname used when connecting. This option is disabled by
                      default.
  -t, --table         Output in table format.
  --tee=name          Append everything into outfile. See interactive help (\h)
                      also. Does not work in batch mode. Disable with
                      --disable-tee. This option is disabled by default.
  -u, --user=name     User for login if not current user.
  -U, --safe-updates  Only allow UPDATE and DELETE that uses keys.
  -U, --i-am-a-dummy  Synonym for option --safe-updates, -U.
  -v, --verbose       Write more. (-v -v -v gives the table output format).
  -V, --version       Output version information and exit.
  -w, --wait          Wait and retry if connection is down.
  --connect-timeout=# Number of seconds before connection timeout.
  --max-allowed-packet=#
                      The maximum packet length to send to or receive from
                      server.
  --net-buffer-length=#
                      The buffer size for TCP/IP and socket communication.
  --select-limit=#    Automatic limit for SELECT when using --safe-updates.
  --max-join-size=#   Automatic limit for rows in a join when using
                      --safe-updates.
  --secure-auth       Refuse client connecting to server if it uses old
                      (pre-4.1.1) protocol.
  --server-arg=name   Send embedded server this as a parameter.
  --show-warnings     Show warnings after every statement.
  --plugin-dir=name   Directory for client-side plugins.
  --default-auth=name Default authentication client-side plugin to use.
  --binary-mode       By default, ASCII '\0' is disallowed and '\r\n' is
                      translated to '\n'. This switch turns off both features,
                      and also turns off parsing of all clientcommands except
                      \C and DELIMITER, in non-interactive mode (for input
                      piped to mysql or loaded using the 'source' command).
                      This is necessary when processing output from mysqlbinlog
                      that may contain blobs.

Variables (--variable-name=value)
and boolean options {FALSE|TRUE}  Value (after reading options)
--------------------------------- ----------------------------------------
abort-source-on-error             FALSE
auto-rehash                       FALSE
auto-vertical-output              FALSE
character-sets-dir                (No default value)
column-type-info                  FALSE
comments                          FALSE
compress                          FALSE
debug-check                       FALSE
debug-info                        FALSE
database                          (No default value)
default-character-set             auto
delimiter                         ;
vertical                          FALSE
force                             FALSE
named-commands                    FALSE
ignore-spaces                     FALSE
init-command                      (No default value)
local-infile                      FALSE
no-beep                           FALSE
host                              (No default value)
html                              FALSE
xml                               FALSE
line-numbers                      TRUE
unbuffered                        FALSE
column-names                      TRUE
sigint-ignore                     FALSE
port                              3306
progress-reports                  TRUE
prompt                            \N [\d]>
quick                             FALSE
raw                               FALSE
reconnect                         TRUE
shared-memory-base-name           (No default value)
socket                            C:/xampp/mysql/mysql.sock
ssl                               FALSE
ssl-ca                            (No default value)
ssl-capath                        (No default value)
ssl-cert                          (No default value)
ssl-cipher                        (No default value)
ssl-key                           (No default value)
ssl-crl                           (No default value)
ssl-crlpath                       (No default value)
ssl-verify-server-cert            FALSE
table                             FALSE
user                              root
safe-updates                      FALSE
i-am-a-dummy                      FALSE
connect-timeout                   0
max-allowed-packet                16777216
net-buffer-length                 16384
select-limit                      1000
max-join-size                     1000000
secure-auth                       FALSE
show-warnings                     FALSE
plugin-dir                        (No default value)
default-auth                      (No default value)
binary-mode                       FALSE

726943@128-IMAC35 c:\xampp
# use csd2204w18;
'use' is not recognized as an internal or external command,
operable program or batch file.

726943@128-IMAC35 c:\xampp
# create database csd2204w18;
'create' is not recognized as an internal or external command,
operable program or batch file.

726943@128-IMAC35 c:\xampp
# use csd2204w18;
'use' is not recognized as an internal or external command,
operable program or batch file.

726943@128-IMAC35 c:\xampp
# mysql -u root -p :
Enter password:
ERROR 1049 (42000): Unknown database ':'

726943@128-IMAC35 c:\xampp
# mysql -u root -p
Enter password:
Welcome to the MariaDB monitor.  Commands end with ; or \g.
Your MariaDB connection id is 3
Server version: 10.1.21-MariaDB mariadb.org binary distribution

Copyright (c) 2000, 2016, Oracle, MariaDB Corporation Ab and others.

Type 'help;' or '\h' for help. Type '\c' to clear the current input statement.

MariaDB [(none)]> create database csd2204w18;
Query OK, 1 row affected (0.00 sec)

MariaDB [(none)]> use csd2204w18;
Database changed
MariaDB [csd2204w18]> exit
Bye

726943@128-IMAC35 c:\xampp
# mysql -u root -p < C:/xampp/db.sql;
Enter password:
ERROR 1049 (42000): Unknown database ';'

726943@128-IMAC35 c:\xampp
# mysql -u root -p < C:/xampp/db.sql
Enter password:
ERROR 1046 (3D000) at line 29: No database selected

726943@128-IMAC35 c:\xampp
# mysql -u root -p csd2204w18 < C:/xampp/db.sql
Enter password:

726943@128-IMAC35 c:\xampp
# mysql -u root -p
Enter password:
Welcome to the MariaDB monitor.  Commands end with ; or \g.
Your MariaDB connection id is 7
Server version: 10.1.21-MariaDB mariadb.org binary distribution

Copyright (c) 2000, 2016, Oracle, MariaDB Corporation Ab and others.

Type 'help;' or '\h' for help. Type '\c' to clear the current input statement.

MariaDB [(none)]> use csd2204w18;
Database changed
MariaDB [csd2204w18]> show tables;
+----------------------+
| Tables_in_csd2204w18 |
+----------------------+
| countries            |
| departments          |
| employees            |
| job_history          |
| jobs                 |
| locations            |
| regions              |
+----------------------+
7 rows in set (0.00 sec)

MariaDB [csd2204w18]> exit
Bye

726943@128-IMAC35 c:\xampp
# mysql -u root -p < C:/xampp/products_manufacturers.sql
Enter password:
ERROR 1046 (3D000) at line 1: No database selected

726943@128-IMAC35 c:\xampp
# use csd2204w18;
'use' is not recognized as an internal or external command,
operable program or batch file.

726943@128-IMAC35 c:\xampp
# create database csd2204w18;
'create' is not recognized as an internal or external command,
operable program or batch file.

726943@128-IMAC35 c:\xampp
# mysql -u root -p csd2204w18 < C:/xampp/products_manufacturers.sql
Enter password:

726943@128-IMAC35 c:\xampp
# mysql -u root -p
Enter password:
Welcome to the MariaDB monitor.  Commands end with ; or \g.
Your MariaDB connection id is 10
Server version: 10.1.21-MariaDB mariadb.org binary distribution

Copyright (c) 2000, 2016, Oracle, MariaDB Corporation Ab and others.

Type 'help;' or '\h' for help. Type '\c' to clear the current input statement.

MariaDB [(none)]> use csd2204w18;
Database changed
MariaDB [csd2204w18]> show tables;
+----------------------+
| Tables_in_csd2204w18 |
+----------------------+
| countries            |
| departments          |
| employees            |
| job_history          |
| jobs                 |
| locations            |
| manu                 |
| products             |
| regions              |
+----------------------+
9 rows in set (0.00 sec)

MariaDB [csd2204w18]> select * from products;
+------+-----------------+-------+--------------+
| Code | Name            | Price | Manufacturer |
+------+-----------------+-------+--------------+
|    1 | Hard drive      |   240 |            5 |
|    2 | Memory          |   120 |            6 |
|    3 | ZIP drive       |   150 |            4 |
|    4 | Floppy disk     |     5 |            6 |
|    5 | Monitor         |   240 |            1 |
|    6 | DVD drive       |   180 |            2 |
|    7 | CD drive        |    90 |            2 |
|    8 | Printer         |   270 |            3 |
|    9 | Toner cartridge |    66 |            3 |
|   10 | DVD burner      |   180 |            2 |
|   11 | Printer         |    40 |            7 |
|   12 | Toner cartridge |    54 |            7 |
|   13 | DVD burner      |    78 |            7 |
+------+-----------------+-------+--------------+
13 rows in set (0.00 sec)

MariaDB [csd2204w18]> select price from products where 'Memory';
Empty set, 1 warning (0.00 sec)

MariaDB [csd2204w18]> select price from products where Name  like 'Memory';
+-------+
| price |
+-------+
|   120 |
+-------+
1 row in set (0.00 sec)

MariaDB [csd2204w18]> exit
Bye

726943@128-IMAC35 c:\xampp
# mysql -u root -p csd2204w18 < C:/xampp/animals.sql
Enter password:
id      name
1       dog
2       cat
3       penguin
4       lax
5       whale
6       ostrich

726943@128-IMAC35 c:\xampp
# mysql -u root -p
Enter password:
Welcome to the MariaDB monitor.  Commands end with ; or \g.
Your MariaDB connection id is 12
Server version: 10.1.21-MariaDB mariadb.org binary distribution

Copyright (c) 2000, 2016, Oracle, MariaDB Corporation Ab and others.

Type 'help;' or '\h' for help. Type '\c' to clear the current input statement.

MariaDB [(none)]> use csd2204w18;
Database changed
MariaDB [csd2204w18]> show tables;
+----------------------+
| Tables_in_csd2204w18 |
+----------------------+
| animals              |
| countries            |
| departments          |
| employees            |
| job_history          |
| jobs                 |
| locations            |
| manu                 |
| pet                  |
| products             |
| regions              |
+----------------------+
11 rows in set (0.00 sec)

MariaDB [csd2204w18]> desc animals;
+-------+--------------+------+-----+---------+----------------+
| Field | Type         | Null | Key | Default | Extra          |
+-------+--------------+------+-----+---------+----------------+
| id    | mediumint(9) | NO   | PRI | NULL    | auto_increment |
| name  | char(30)     | NO   |     | NULL    |                |
+-------+--------------+------+-----+---------+----------------+
2 rows in set (0.02 sec)

MariaDB [csd2204w18]> selct * from animals;
ERROR 1064 (42000): You have an error in your SQL syntax; check the manual that corresponds to your MariaDB server version for the right syntax to use near 'selct * from animals' at line 1
MariaDB [csd2204w18]> select * from animals;
+----+---------+
| id | name    |
+----+---------+
|  1 | dog     |
|  2 | cat     |
|  3 | penguin |
|  4 | lax     |
|  5 | whale   |
|  6 | ostrich |
+----+---------+
6 rows in set (0.01 sec)

MariaDB [csd2204w18]> insert into values ('duck');
ERROR 1064 (42000): You have an error in your SQL syntax; check the manual that corresponds to your MariaDB server version for the right syntax to use near 'values ('duck')' at line 1
MariaDB [csd2204w18]> insert into animals values ('duck');
ERROR 1136 (21S01): Column count doesn't match value count at row 1
MariaDB [csd2204w18]> insert into animals values ('','duck');
Query OK, 1 row affected, 1 warning (0.06 sec)

MariaDB [csd2204w18]> select * from animals;
+----+---------+
| id | name    |
+----+---------+
|  1 | dog     |
|  2 | cat     |
|  3 | penguin |
|  4 | lax     |
|  5 | whale   |
|  6 | ostrich |
|  7 | duck    |
+----+---------+
7 rows in set (0.00 sec)

MariaDB [csd2204w18]> insert into values (NULL,'lion');
ERROR 1064 (42000): You have an error in your SQL syntax; check the manual that corresponds to your MariaDB server version for the right syntax to use near 'values (NULL,'lion')' at line 1
MariaDB [csd2204w18]> insert into values ('','lion');
ERROR 1064 (42000): You have an error in your SQL syntax; check the manual that corresponds to your MariaDB server version for the right syntax to use near 'values ('','lion')' at line 1
MariaDB [csd2204w18]> insert into animals values (NULL,'lion');
Query OK, 1 row affected (1.73 sec)

MariaDB [csd2204w18]> select * from animals;
+----+---------+
| id | name    |
+----+---------+
|  1 | dog     |
|  2 | cat     |
|  3 | penguin |
|  4 | lax     |
|  5 | whale   |
|  6 | ostrich |
|  7 | duck    |
|  8 | lion    |
+----+---------+
8 rows in set (0.00 sec)

MariaDB [csd2204w18]> insert into animals values ('penguin');
ERROR 1136 (21S01): Column count doesn't match value count at row 1
MariaDB [csd2204w18]> insert into animals values (,'penguin');
ERROR 1064 (42000): You have an error in your SQL syntax; check the manual that corresponds to your MariaDB server version for the right syntax to use near ''penguin')' at line 1
MariaDB [csd2204w18]> insert into animals values (10,'parrot');
Query OK, 1 row affected (0.09 sec)

MariaDB [csd2204w18]> select * from animals;
+----+---------+
| id | name    |
+----+---------+
|  1 | dog     |
|  2 | cat     |
|  3 | penguin |
|  4 | lax     |
|  5 | whale   |
|  6 | ostrich |
|  7 | duck    |
|  8 | lion    |
| 10 | parrot  |
+----+---------+
9 rows in set (0.00 sec)

MariaDB [csd2204w18]> insert into animals values ('','hyna');
Query OK, 1 row affected, 1 warning (0.03 sec)

MariaDB [csd2204w18]> select * from animals;
+----+---------+
| id | name    |
+----+---------+
|  1 | dog     |
|  2 | cat     |
|  3 | penguin |
|  4 | lax     |
|  5 | whale   |
|  6 | ostrich |
|  7 | duck    |
|  8 | lion    |
| 10 | parrot  |
| 11 | hyna    |
+----+---------+
10 rows in set (0.00 sec)

MariaDB [csd2204w18]> insert into animals (name) values ('snail');
Query OK, 1 row affected (0.22 sec)

MariaDB [csd2204w18]> select * from animals;
+----+---------+
| id | name    |
+----+---------+
|  1 | dog     |
|  2 | cat     |
|  3 | penguin |
|  4 | lax     |
|  5 | whale   |
|  6 | ostrich |
|  7 | duck    |
|  8 | lion    |
| 10 | parrot  |
| 11 | hyna    |
| 12 | snail   |
+----+---------+
11 rows in set (0.00 sec)

MariaDB [csd2204w18]> insert into animals values (NULL,'turtle');
Query OK, 1 row affected (0.08 sec)

MariaDB [csd2204w18]> select * from animals;
+----+---------+
| id | name    |
+----+---------+
|  1 | dog     |
|  2 | cat     |
|  3 | penguin |
|  4 | lax     |
|  5 | whale   |
|  6 | ostrich |
|  7 | duck    |
|  8 | lion    |
| 10 | parrot  |
| 11 | hyna    |
| 12 | snail   |
| 13 | turtle  |
+----+---------+
12 rows in set (0.00 sec)

MariaDB [csd2204w18]> insert into animals  values (NULL,'sea-turtle');
Query OK, 1 row affected (0.09 sec)

MariaDB [csd2204w18]> select * from animals;
+----+------------+
| id | name       |
+----+------------+
|  1 | dog        |
|  2 | cat        |
|  3 | penguin    |
|  4 | lax        |
|  5 | whale      |
|  6 | ostrich    |
|  7 | duck       |
|  8 | lion       |
| 10 | parrot     |
| 11 | hyna       |
| 12 | snail      |
| 13 | turtle     |
| 14 | sea-turtle |
+----+------------+
13 rows in set (0.00 sec)

MariaDB [csd2204w18]> select * from products;
+------+-----------------+-------+--------------+
| Code | Name            | Price | Manufacturer |
+------+-----------------+-------+--------------+
|    1 | Hard drive      |   240 |            5 |
|    2 | Memory          |   120 |            6 |
|    3 | ZIP drive       |   150 |            4 |
|    4 | Floppy disk     |     5 |            6 |
|    5 | Monitor         |   240 |            1 |
|    6 | DVD drive       |   180 |            2 |
|    7 | CD drive        |    90 |            2 |
|    8 | Printer         |   270 |            3 |
|    9 | Toner cartridge |    66 |            3 |
|   10 | DVD burner      |   180 |            2 |
|   11 | Printer         |    40 |            7 |
|   12 | Toner cartridge |    54 |            7 |
|   13 | DVD burner      |    78 |            7 |
+------+-----------------+-------+--------------+
13 rows in set (0.00 sec)

MariaDB [csd2204w18]> select name, price from products where name = 'Monitor'
    -> into OUTFILE 'C:/Xampp/result.txt';
Query OK, 1 row affected (0.02 sec)

MariaDB [csd2204w18]> show tables;
+----------------------+
| Tables_in_csd2204w18 |
+----------------------+
| animals              |
| countries            |
| departments          |
| employees            |
| job_history          |
| jobs                 |
| locations            |
| manu                 |
| pet                  |
| products             |
| regions              |
+----------------------+
11 rows in set (0.00 sec)

MariaDB [csd2204w18]> desc employees;
+----------------+--------------+------+-----+---------+-------+
| Field          | Type         | Null | Key | Default | Extra |
+----------------+--------------+------+-----+---------+-------+
| EMPLOYEE_ID    | decimal(6,0) | NO   | PRI | 0       |       |
| FIRST_NAME     | varchar(20)  | YES  |     | NULL    |       |
| LAST_NAME      | varchar(25)  | NO   | MUL | NULL    |       |
| EMAIL          | varchar(25)  | NO   | UNI | NULL    |       |
| PHONE_NUMBER   | varchar(20)  | YES  |     | NULL    |       |
| HIRE_DATE      | date         | NO   |     | NULL    |       |
| JOB_ID         | varchar(10)  | NO   | MUL | NULL    |       |
| SALARY         | decimal(8,2) | YES  |     | NULL    |       |
| COMMISSION_PCT | decimal(2,2) | YES  |     | NULL    |       |
| MANAGER_ID     | decimal(6,0) | YES  | MUL | NULL    |       |
| DEPARTMENT_ID  | decimal(4,0) | YES  | MUL | NULL    |       |
+----------------+--------------+------+-----+---------+-------+
11 rows in set (0.00 sec)

MariaDB [csd2204w18]> select * from employees;
+-------------+-------------+-------------+----------+--------------------+------------+------------+----------+----------------+------------+---------------+
| EMPLOYEE_ID | FIRST_NAME  | LAST_NAME   | EMAIL    | PHONE_NUMBER       | HIRE_DATE  | JOB_ID     | SALARY   | COMMISSION_PCT | MANAGER_ID | DEPARTMENT_ID |
+-------------+-------------+-------------+----------+--------------------+------------+------------+----------+----------------+------------+---------------+
|         100 | Steven      | King        | SKING    | 515.123.4567       | 1987-06-17 | AD_PRES    | 24000.00 |           0.00 |          0 |            90 |
|         101 | Neena       | Kochhar     | NKOCHHAR | 515.123.4568       | 1987-06-18 | AD_VP      | 17000.00 |           0.00 |        100 |            90 |
|         102 | Lex         | De Haan     | LDEHAAN  | 515.123.4569       | 1987-06-19 | AD_VP      | 17000.00 |           0.00 |        100 |            90 |
|         103 | Alexander   | Hunold      | AHUNOLD  | 590.423.4567       | 1987-06-20 | IT_PROG    |  9000.00 |           0.00 |        102 |            60 |
|         104 | Bruce       | Ernst       | BERNST   | 590.423.4568       | 1987-06-21 | IT_PROG    |  6000.00 |           0.00 |        103 |            60 |
|         105 | David       | Austin      | DAUSTIN  | 590.423.4569       | 1987-06-22 | IT_PROG    |  4800.00 |           0.00 |        103 |            60 |
|         106 | Valli       | Pataballa   | VPATABAL | 590.423.4560       | 1987-06-23 | IT_PROG    |  4800.00 |           0.00 |        103 |            60 |
|         107 | Diana       | Lorentz     | DLORENTZ | 590.423.5567       | 1987-06-24 | IT_PROG    |  4200.00 |           0.00 |        103 |            60 |
|         108 | Nancy       | Greenberg   | NGREENBE | 515.124.4569       | 1987-06-25 | FI_MGR     | 12000.00 |           0.00 |        101 |           100 |
|         109 | Daniel      | Faviet      | DFAVIET  | 515.124.4169       | 1987-06-26 | FI_ACCOUNT |  9000.00 |           0.00 |        108 |           100 |
|         110 | John        | Chen        | JCHEN    | 515.124.4269       | 1987-06-27 | FI_ACCOUNT |  8200.00 |           0.00 |        108 |           100 |
|         111 | Ismael      | Sciarra     | ISCIARRA | 515.124.4369       | 1987-06-28 | FI_ACCOUNT |  7700.00 |           0.00 |        108 |           100 |
|         112 | Jose Manuel | Urman       | JMURMAN  | 515.124.4469       | 1987-06-29 | FI_ACCOUNT |  7800.00 |           0.00 |        108 |           100 |
|         113 | Luis        | Popp        | LPOPP    | 515.124.4567       | 1987-06-30 | FI_ACCOUNT |  6900.00 |           0.00 |        108 |           100 |
|         114 | Den         | Raphaely    | DRAPHEAL | 515.127.4561       | 1987-07-01 | PU_MAN     | 11000.00 |           0.00 |        100 |            30 |
|         115 | Alexander   | Khoo        | AKHOO    | 515.127.4562       | 1987-07-02 | PU_CLERK   |  3100.00 |           0.00 |        114 |            30 |
|         116 | Shelli      | Baida       | SBAIDA   | 515.127.4563       | 1987-07-03 | PU_CLERK   |  2900.00 |           0.00 |        114 |            30 |
|         117 | Sigal       | Tobias      | STOBIAS  | 515.127.4564       | 1987-07-04 | PU_CLERK   |  2800.00 |           0.00 |        114 |            30 |
|         118 | Guy         | Himuro      | GHIMURO  | 515.127.4565       | 1987-07-05 | PU_CLERK   |  2600.00 |           0.00 |        114 |            30 |
|         119 | Karen       | Colmenares  | KCOLMENA | 515.127.4566       | 1987-07-06 | PU_CLERK   |  2500.00 |           0.00 |        114 |            30 |
|         120 | Matthew     | Weiss       | MWEISS   | 650.123.1234       | 1987-07-07 | ST_MAN     |  8000.00 |           0.00 |        100 |            50 |
|         121 | Adam        | Fripp       | AFRIPP   | 650.123.2234       | 1987-07-08 | ST_MAN     |  8200.00 |           0.00 |        100 |            50 |
|         122 | Payam       | Kaufling    | PKAUFLIN | 650.123.3234       | 1987-07-09 | ST_MAN     |  7900.00 |           0.00 |        100 |            50 |
|         123 | Shanta      | Vollman     | SVOLLMAN | 650.123.4234       | 1987-07-10 | ST_MAN     |  6500.00 |           0.00 |        100 |            50 |
|         124 | Kevin       | Mourgos     | KMOURGOS | 650.123.5234       | 1987-07-11 | ST_MAN     |  5800.00 |           0.00 |        100 |            50 |
|         125 | Julia       | Nayer       | JNAYER   | 650.124.1214       | 1987-07-12 | ST_CLERK   |  3200.00 |           0.00 |        120 |            50 |
|         126 | Irene       | Mikkilineni | IMIKKILI | 650.124.1224       | 1987-07-13 | ST_CLERK   |  2700.00 |           0.00 |        120 |            50 |
|         127 | James       | Landry      | JLANDRY  | 650.124.1334       | 1987-07-14 | ST_CLERK   |  2400.00 |           0.00 |        120 |            50 |
|         128 | Steven      | Markle      | SMARKLE  | 650.124.1434       | 1987-07-15 | ST_CLERK   |  2200.00 |           0.00 |        120 |            50 |
|         129 | Laura       | Bissot      | LBISSOT  | 650.124.5234       | 1987-07-16 | ST_CLERK   |  3300.00 |           0.00 |        121 |            50 |
|         130 | Mozhe       | Atkinson    | MATKINSO | 650.124.6234       | 1987-07-17 | ST_CLERK   |  2800.00 |           0.00 |        121 |            50 |
|         131 | James       | Marlow      | JAMRLOW  | 650.124.7234       | 1987-07-18 | ST_CLERK   |  2500.00 |           0.00 |        121 |            50 |
|         132 | TJ          | Olson       | TJOLSON  | 650.124.8234       | 1987-07-19 | ST_CLERK   |  2100.00 |           0.00 |        121 |            50 |
|         133 | Jason       | Mallin      | JMALLIN  | 650.127.1934       | 1987-07-20 | ST_CLERK   |  3300.00 |           0.00 |        122 |            50 |
|         134 | Michael     | Rogers      | MROGERS  | 650.127.1834       | 1987-07-21 | ST_CLERK   |  2900.00 |           0.00 |        122 |            50 |
|         135 | Ki          | Gee         | KGEE     | 650.127.1734       | 1987-07-22 | ST_CLERK   |  2400.00 |           0.00 |        122 |            50 |
|         136 | Hazel       | Philtanker  | HPHILTAN | 650.127.1634       | 1987-07-23 | ST_CLERK   |  2200.00 |           0.00 |        122 |            50 |
|         137 | Renske      | Ladwig      | RLADWIG  | 650.121.1234       | 1987-07-24 | ST_CLERK   |  3600.00 |           0.00 |        123 |            50 |
|         138 | Stephen     | Stiles      | SSTILES  | 650.121.2034       | 1987-07-25 | ST_CLERK   |  3200.00 |           0.00 |        123 |            50 |
|         139 | John        | Seo         | JSEO     | 650.121.2019       | 1987-07-26 | ST_CLERK   |  2700.00 |           0.00 |        123 |            50 |
|         140 | Joshua      | Patel       | JPATEL   | 650.121.1834       | 1987-07-27 | ST_CLERK   |  2500.00 |           0.00 |        123 |            50 |
|         141 | Trenna      | Rajs        | TRAJS    | 650.121.8009       | 1987-07-28 | ST_CLERK   |  3500.00 |           0.00 |        124 |            50 |
|         142 | Curtis      | Davies      | CDAVIES  | 650.121.2994       | 1987-07-29 | ST_CLERK   |  3100.00 |           0.00 |        124 |            50 |
|         143 | Randall     | Matos       | RMATOS   | 650.121.2874       | 1987-07-30 | ST_CLERK   |  2600.00 |           0.00 |        124 |            50 |
|         144 | Peter       | Vargas      | PVARGAS  | 650.121.2004       | 1987-07-31 | ST_CLERK   |  2500.00 |           0.00 |        124 |            50 |
|         145 | John        | Russell     | JRUSSEL  | 011.44.1344.429268 | 1987-08-01 | SA_MAN     | 14000.00 |           0.40 |        100 |            80 |
|         146 | Karen       | Partners    | KPARTNER | 011.44.1344.467268 | 1987-08-02 | SA_MAN     | 13500.00 |           0.30 |        100 |            80 |
|         147 | Alberto     | Errazuriz   | AERRAZUR | 011.44.1344.429278 | 1987-08-03 | SA_MAN     | 12000.00 |           0.30 |        100 |            80 |
|         148 | Gerald      | Cambrault   | GCAMBRAU | 011.44.1344.619268 | 1987-08-04 | SA_MAN     | 11000.00 |           0.30 |        100 |            80 |
|         149 | Eleni       | Zlotkey     | EZLOTKEY | 011.44.1344.429018 | 1987-08-05 | SA_MAN     | 10500.00 |           0.20 |        100 |            80 |
|         150 | Peter       | Tucker      | PTUCKER  | 011.44.1344.129268 | 1987-08-06 | SA_REP     | 10000.00 |           0.30 |        145 |            80 |
|         151 | David       | Bernstein   | DBERNSTE | 011.44.1344.345268 | 1987-08-07 | SA_REP     |  9500.00 |           0.25 |        145 |            80 |
|         152 | Peter       | Hall        | PHALL    | 011.44.1344.478968 | 1987-08-08 | SA_REP     |  9000.00 |           0.25 |        145 |            80 |
|         153 | Christopher | Olsen       | COLSEN   | 011.44.1344.498718 | 1987-08-09 | SA_REP     |  8000.00 |           0.20 |        145 |            80 |
|         154 | Nanette     | Cambrault   | NCAMBRAU | 011.44.1344.987668 | 1987-08-10 | SA_REP     |  7500.00 |           0.20 |        145 |            80 |
|         155 | Oliver      | Tuvault     | OTUVAULT | 011.44.1344.486508 | 1987-08-11 | SA_REP     |  7000.00 |           0.15 |        145 |            80 |
|         156 | Janette     | King        | JKING    | 011.44.1345.429268 | 1987-08-12 | SA_REP     | 10000.00 |           0.35 |        146 |            80 |
|         157 | Patrick     | Sully       | PSULLY   | 011.44.1345.929268 | 1987-08-13 | SA_REP     |  9500.00 |           0.35 |        146 |            80 |
|         158 | Allan       | McEwen      | AMCEWEN  | 011.44.1345.829268 | 1987-08-14 | SA_REP     |  9000.00 |           0.35 |        146 |            80 |
|         159 | Lindsey     | Smith       | LSMITH   | 011.44.1345.729268 | 1987-08-15 | SA_REP     |  8000.00 |           0.30 |        146 |            80 |
|         160 | Louise      | Doran       | LDORAN   | 011.44.1345.629268 | 1987-08-16 | SA_REP     |  7500.00 |           0.30 |        146 |            80 |
|         161 | Sarath      | Sewall      | SSEWALL  | 011.44.1345.529268 | 1987-08-17 | SA_REP     |  7000.00 |           0.25 |        146 |            80 |
|         162 | Clara       | Vishney     | CVISHNEY | 011.44.1346.129268 | 1987-08-18 | SA_REP     | 10500.00 |           0.25 |        147 |            80 |
|         163 | Danielle    | Greene      | DGREENE  | 011.44.1346.229268 | 1987-08-19 | SA_REP     |  9500.00 |           0.15 |        147 |            80 |
|         164 | Mattea      | Marvins     | MMARVINS | 011.44.1346.329268 | 1987-08-20 | SA_REP     |  7200.00 |           0.10 |        147 |            80 |
|         165 | David       | Lee         | DLEE     | 011.44.1346.529268 | 1987-08-21 | SA_REP     |  6800.00 |           0.10 |        147 |            80 |
|         166 | Sundar      | Ande        | SANDE    | 011.44.1346.629268 | 1987-08-22 | SA_REP     |  6400.00 |           0.10 |        147 |            80 |
|         167 | Amit        | Banda       | ABANDA   | 011.44.1346.729268 | 1987-08-23 | SA_REP     |  6200.00 |           0.10 |        147 |            80 |
|         168 | Lisa        | Ozer        | LOZER    | 011.44.1343.929268 | 1987-08-24 | SA_REP     | 11500.00 |           0.25 |        148 |            80 |
|         169 | Harrison    | Bloom       | HBLOOM   | 011.44.1343.829268 | 1987-08-25 | SA_REP     | 10000.00 |           0.20 |        148 |            80 |
|         170 | Tayler      | Fox         | TFOX     | 011.44.1343.729268 | 1987-08-26 | SA_REP     |  9600.00 |           0.20 |        148 |            80 |
|         171 | William     | Smith       | WSMITH   | 011.44.1343.629268 | 1987-08-27 | SA_REP     |  7400.00 |           0.15 |        148 |            80 |
|         172 | Elizabeth   | Bates       | EBATES   | 011.44.1343.529268 | 1987-08-28 | SA_REP     |  7300.00 |           0.15 |        148 |            80 |
|         173 | Sundita     | Kumar       | SKUMAR   | 011.44.1343.329268 | 1987-08-29 | SA_REP     |  6100.00 |           0.10 |        148 |            80 |
|         174 | Ellen       | Abel        | EABEL    | 011.44.1644.429267 | 1987-08-30 | SA_REP     | 11000.00 |           0.30 |        149 |            80 |
|         175 | Alyssa      | Hutton      | AHUTTON  | 011.44.1644.429266 | 1987-08-31 | SA_REP     |  8800.00 |           0.25 |        149 |            80 |
|         176 | Jonathon    | Taylor      | JTAYLOR  | 011.44.1644.429265 | 1987-09-01 | SA_REP     |  8600.00 |           0.20 |        149 |            80 |
|         177 | Jack        | Livingston  | JLIVINGS | 011.44.1644.429264 | 1987-09-02 | SA_REP     |  8400.00 |           0.20 |        149 |            80 |
|         178 | Kimberely   | Grant       | KGRANT   | 011.44.1644.429263 | 1987-09-03 | SA_REP     |  7000.00 |           0.15 |        149 |             0 |
|         179 | Charles     | Johnson     | CJOHNSON | 011.44.1644.429262 | 1987-09-04 | SA_REP     |  6200.00 |           0.10 |        149 |            80 |
|         180 | Winston     | Taylor      | WTAYLOR  | 650.507.9876       | 1987-09-05 | SH_CLERK   |  3200.00 |           0.00 |        120 |            50 |
|         181 | Jean        | Fleaur      | JFLEAUR  | 650.507.9877       | 1987-09-06 | SH_CLERK   |  3100.00 |           0.00 |        120 |            50 |
|         182 | Martha      | Sullivan    | MSULLIVA | 650.507.9878       | 1987-09-07 | SH_CLERK   |  2500.00 |           0.00 |        120 |            50 |
|         183 | Girard      | Geoni       | GGEONI   | 650.507.9879       | 1987-09-08 | SH_CLERK   |  2800.00 |           0.00 |        120 |            50 |
|         184 | Nandita     | Sarchand    | NSARCHAN | 650.509.1876       | 1987-09-09 | SH_CLERK   |  4200.00 |           0.00 |        121 |            50 |
|         185 | Alexis      | Bull        | ABULL    | 650.509.2876       | 1987-09-10 | SH_CLERK   |  4100.00 |           0.00 |        121 |            50 |
|         186 | Julia       | Dellinger   | JDELLING | 650.509.3876       | 1987-09-11 | SH_CLERK   |  3400.00 |           0.00 |        121 |            50 |
|         187 | Anthony     | Cabrio      | ACABRIO  | 650.509.4876       | 1987-09-12 | SH_CLERK   |  3000.00 |           0.00 |        121 |            50 |
|         188 | Kelly       | Chung       | KCHUNG   | 650.505.1876       | 1987-09-13 | SH_CLERK   |  3800.00 |           0.00 |        122 |            50 |
|         189 | Jennifer    | Dilly       | JDILLY   | 650.505.2876       | 1987-09-14 | SH_CLERK   |  3600.00 |           0.00 |        122 |            50 |
|         190 | Timothy     | Gates       | TGATES   | 650.505.3876       | 1987-09-15 | SH_CLERK   |  2900.00 |           0.00 |        122 |            50 |
|         191 | Randall     | Perkins     | RPERKINS | 650.505.4876       | 1987-09-16 | SH_CLERK   |  2500.00 |           0.00 |        122 |            50 |
|         192 | Sarah       | Bell        | SBELL    | 650.501.1876       | 1987-09-17 | SH_CLERK   |  4000.00 |           0.00 |        123 |            50 |
|         193 | Britney     | Everett     | BEVERETT | 650.501.2876       | 1987-09-18 | SH_CLERK   |  3900.00 |           0.00 |        123 |            50 |
|         194 | Samuel      | McCain      | SMCCAIN  | 650.501.3876       | 1987-09-19 | SH_CLERK   |  3200.00 |           0.00 |        123 |            50 |
|         195 | Vance       | Jones       | VJONES   | 650.501.4876       | 1987-09-20 | SH_CLERK   |  2800.00 |           0.00 |        123 |            50 |
|         196 | Alana       | Walsh       | AWALSH   | 650.507.9811       | 1987-09-21 | SH_CLERK   |  3100.00 |           0.00 |        124 |            50 |
|         197 | Kevin       | Feeney      | KFEENEY  | 650.507.9822       | 1987-09-22 | SH_CLERK   |  3000.00 |           0.00 |        124 |            50 |
|         198 | Donald      | OConnell    | DOCONNEL | 650.507.9833       | 1987-09-23 | SH_CLERK   |  2600.00 |           0.00 |        124 |            50 |
|         199 | Douglas     | Grant       | DGRANT   | 650.507.9844       | 1987-09-24 | SH_CLERK   |  2600.00 |           0.00 |        124 |            50 |
|         200 | Jennifer    | Whalen      | JWHALEN  | 515.123.4444       | 1987-09-25 | AD_ASST    |  4400.00 |           0.00 |        101 |            10 |
|         201 | Michael     | Hartstein   | MHARTSTE | 515.123.5555       | 1987-09-26 | MK_MAN     | 13000.00 |           0.00 |        100 |            20 |
|         202 | Pat         | Fay         | PFAY     | 603.123.6666       | 1987-09-27 | MK_REP     |  6000.00 |           0.00 |        201 |            20 |
|         203 | Susan       | Mavris      | SMAVRIS  | 515.123.7777       | 1987-09-28 | HR_REP     |  6500.00 |           0.00 |        101 |            40 |
|         204 | Hermann     | Baer        | HBAER    | 515.123.8888       | 1987-09-29 | PR_REP     | 10000.00 |           0.00 |        101 |            70 |
|         205 | Shelley     | Higgins     | SHIGGINS | 515.123.8080       | 1987-09-30 | AC_MGR     | 12000.00 |           0.00 |        101 |           110 |
|         206 | William     | Gietz       | WGIETZ   | 515.123.8181       | 1987-10-01 | AC_ACCOUNT |  8300.00 |           0.00 |        205 |           110 |
+-------------+-------------+-------------+----------+--------------------+------------+------------+----------+----------------+------------+---------------+
107 rows in set (0.00 sec)

MariaDB [csd2204w18]> select * from employee where Last_Name = 'Bull';
ERROR 1146 (42S02): Table 'csd2204w18.employee' doesn't exist
MariaDB [csd2204w18]> select * from employees where Last_Name = 'Bull';
+-------------+------------+-----------+-------+--------------+------------+----------+---------+----------------+------------+---------------+
| EMPLOYEE_ID | FIRST_NAME | LAST_NAME | EMAIL | PHONE_NUMBER | HIRE_DATE  | JOB_ID   | SALARY  | COMMISSION_PCT | MANAGER_ID | DEPARTMENT_ID |
+-------------+------------+-----------+-------+--------------+------------+----------+---------+----------------+------------+---------------+
|         185 | Alexis     | Bull      | ABULL | 650.509.2876 | 1987-09-10 | SH_CLERK | 4100.00 |           0.00 |        121 |            50 |
+-------------+------------+-----------+-------+--------------+------------+----------+---------+----------------+------------+---------------+
1 row in set (0.00 sec)

MariaDB [csd2204w18]> select First_name, Last_name from employees where salary > (select salary from employees where Last_name = 'Bull');
+-------------+------------+
| First_name  | Last_name  |
+-------------+------------+
| Steven      | King       |
| Neena       | Kochhar    |
| Lex         | De Haan    |
| Alexander   | Hunold     |
| Bruce       | Ernst      |
| David       | Austin     |
| Valli       | Pataballa  |
| Diana       | Lorentz    |
| Nancy       | Greenberg  |
| Daniel      | Faviet     |
| John        | Chen       |
| Ismael      | Sciarra    |
| Jose Manuel | Urman      |
| Luis        | Popp       |
| Den         | Raphaely   |
| Matthew     | Weiss      |
| Adam        | Fripp      |
| Payam       | Kaufling   |
| Shanta      | Vollman    |
| Kevin       | Mourgos    |
| John        | Russell    |
| Karen       | Partners   |
| Alberto     | Errazuriz  |
| Gerald      | Cambrault  |
| Eleni       | Zlotkey    |
| Peter       | Tucker     |
| David       | Bernstein  |
| Peter       | Hall       |
| Christopher | Olsen      |
| Nanette     | Cambrault  |
| Oliver      | Tuvault    |
| Janette     | King       |
| Patrick     | Sully      |
| Allan       | McEwen     |
| Lindsey     | Smith      |
| Louise      | Doran      |
| Sarath      | Sewall     |
| Clara       | Vishney    |
| Danielle    | Greene     |
| Mattea      | Marvins    |
| David       | Lee        |
| Sundar      | Ande       |
| Amit        | Banda      |
| Lisa        | Ozer       |
| Harrison    | Bloom      |
| Tayler      | Fox        |
| William     | Smith      |
| Elizabeth   | Bates      |
| Sundita     | Kumar      |
| Ellen       | Abel       |
| Alyssa      | Hutton     |
| Jonathon    | Taylor     |
| Jack        | Livingston |
| Kimberely   | Grant      |
| Charles     | Johnson    |
| Nandita     | Sarchand   |
| Jennifer    | Whalen     |
| Michael     | Hartstein  |
| Pat         | Fay        |
| Susan       | Mavris     |
| Hermann     | Baer       |
| Shelley     | Higgins    |
| William     | Gietz      |
+-------------+------------+
63 rows in set (0.00 sec)

MariaDB [csd2204w18]> select First_name, Last_name salary from employees where salary > (select salary from employees where Last_name = 'Bull');
+-------------+------------+
| First_name  | salary     |
+-------------+------------+
| Steven      | King       |
| Neena       | Kochhar    |
| Lex         | De Haan    |
| Alexander   | Hunold     |
| Bruce       | Ernst      |
| David       | Austin     |
| Valli       | Pataballa  |
| Diana       | Lorentz    |
| Nancy       | Greenberg  |
| Daniel      | Faviet     |
| John        | Chen       |
| Ismael      | Sciarra    |
| Jose Manuel | Urman      |
| Luis        | Popp       |
| Den         | Raphaely   |
| Matthew     | Weiss      |
| Adam        | Fripp      |
| Payam       | Kaufling   |
| Shanta      | Vollman    |
| Kevin       | Mourgos    |
| John        | Russell    |
| Karen       | Partners   |
| Alberto     | Errazuriz  |
| Gerald      | Cambrault  |
| Eleni       | Zlotkey    |
| Peter       | Tucker     |
| David       | Bernstein  |
| Peter       | Hall       |
| Christopher | Olsen      |
| Nanette     | Cambrault  |
| Oliver      | Tuvault    |
| Janette     | King       |
| Patrick     | Sully      |
| Allan       | McEwen     |
| Lindsey     | Smith      |
| Louise      | Doran      |
| Sarath      | Sewall     |
| Clara       | Vishney    |
| Danielle    | Greene     |
| Mattea      | Marvins    |
| David       | Lee        |
| Sundar      | Ande       |
| Amit        | Banda      |
| Lisa        | Ozer       |
| Harrison    | Bloom      |
| Tayler      | Fox        |
| William     | Smith      |
| Elizabeth   | Bates      |
| Sundita     | Kumar      |
| Ellen       | Abel       |
| Alyssa      | Hutton     |
| Jonathon    | Taylor     |
| Jack        | Livingston |
| Kimberely   | Grant      |
| Charles     | Johnson    |
| Nandita     | Sarchand   |
| Jennifer    | Whalen     |
| Michael     | Hartstein  |
| Pat         | Fay        |
| Susan       | Mavris     |
| Hermann     | Baer       |
| Shelley     | Higgins    |
| William     | Gietz      |
+-------------+------------+
63 rows in set (0.00 sec)

MariaDB [csd2204w18]> select First_name, Last_name, salary from employees where salary > (select salary from employees where Last_name = 'Bull');
+-------------+------------+----------+
| First_name  | Last_name  | salary   |
+-------------+------------+----------+
| Steven      | King       | 24000.00 |
| Neena       | Kochhar    | 17000.00 |
| Lex         | De Haan    | 17000.00 |
| Alexander   | Hunold     |  9000.00 |
| Bruce       | Ernst      |  6000.00 |
| David       | Austin     |  4800.00 |
| Valli       | Pataballa  |  4800.00 |
| Diana       | Lorentz    |  4200.00 |
| Nancy       | Greenberg  | 12000.00 |
| Daniel      | Faviet     |  9000.00 |
| John        | Chen       |  8200.00 |
| Ismael      | Sciarra    |  7700.00 |
| Jose Manuel | Urman      |  7800.00 |
| Luis        | Popp       |  6900.00 |
| Den         | Raphaely   | 11000.00 |
| Matthew     | Weiss      |  8000.00 |
| Adam        | Fripp      |  8200.00 |
| Payam       | Kaufling   |  7900.00 |
| Shanta      | Vollman    |  6500.00 |
| Kevin       | Mourgos    |  5800.00 |
| John        | Russell    | 14000.00 |
| Karen       | Partners   | 13500.00 |
| Alberto     | Errazuriz  | 12000.00 |
| Gerald      | Cambrault  | 11000.00 |
| Eleni       | Zlotkey    | 10500.00 |
| Peter       | Tucker     | 10000.00 |
| David       | Bernstein  |  9500.00 |
| Peter       | Hall       |  9000.00 |
| Christopher | Olsen      |  8000.00 |
| Nanette     | Cambrault  |  7500.00 |
| Oliver      | Tuvault    |  7000.00 |
| Janette     | King       | 10000.00 |
| Patrick     | Sully      |  9500.00 |
| Allan       | McEwen     |  9000.00 |
| Lindsey     | Smith      |  8000.00 |
| Louise      | Doran      |  7500.00 |
| Sarath      | Sewall     |  7000.00 |
| Clara       | Vishney    | 10500.00 |
| Danielle    | Greene     |  9500.00 |
| Mattea      | Marvins    |  7200.00 |
| David       | Lee        |  6800.00 |
| Sundar      | Ande       |  6400.00 |
| Amit        | Banda      |  6200.00 |
| Lisa        | Ozer       | 11500.00 |
| Harrison    | Bloom      | 10000.00 |
| Tayler      | Fox        |  9600.00 |
| William     | Smith      |  7400.00 |
| Elizabeth   | Bates      |  7300.00 |
| Sundita     | Kumar      |  6100.00 |
| Ellen       | Abel       | 11000.00 |
| Alyssa      | Hutton     |  8800.00 |
| Jonathon    | Taylor     |  8600.00 |
| Jack        | Livingston |  8400.00 |
| Kimberely   | Grant      |  7000.00 |
| Charles     | Johnson    |  6200.00 |
| Nandita     | Sarchand   |  4200.00 |
| Jennifer    | Whalen     |  4400.00 |
| Michael     | Hartstein  | 13000.00 |
| Pat         | Fay        |  6000.00 |
| Susan       | Mavris     |  6500.00 |
| Hermann     | Baer       | 10000.00 |
| Shelley     | Higgins    | 12000.00 |
| William     | Gietz      |  8300.00 |
+-------------+------------+----------+
63 rows in set (0.00 sec)

MariaDB [csd2204w18]> select First_name, Last_name, salary from employees where salary > (select salary from employees where first_name like '%n);
    '> ;
    '> '
    -> ;
ERROR 1064 (42000): You have an error in your SQL syntax; check the manual that corresponds to your MariaDB server version for the right syntax to use near '' at line 1
MariaDB [csd2204w18]> select First_name, Last_name, salary from employees where salary > (select salary from employees where first_name like '%n');
ERROR 1242 (21000): Subquery returns more than 1 row
MariaDB [csd2204w18]> show tables;
+----------------------+
| Tables_in_csd2204w18 |
+----------------------+
| animals              |
| countries            |
| departments          |
| employees            |
| job_history          |
| jobs                 |
| locations            |
| manu                 |
| pet                  |
| products             |
| regions              |
+----------------------+
11 rows in set (0.00 sec)

MariaDB [csd2204w18]> desc departments;
+-----------------+--------------+------+-----+---------+-------+
| Field           | Type         | Null | Key | Default | Extra |
+-----------------+--------------+------+-----+---------+-------+
| DEPARTMENT_ID   | decimal(4,0) | NO   | PRI | 0       |       |
| DEPARTMENT_NAME | varchar(30)  | NO   |     | NULL    |       |
| MANAGER_ID      | decimal(6,0) | YES  | MUL | NULL    |       |
| LOCATION_ID     | decimal(4,0) | YES  | MUL | NULL    |       |
+-----------------+--------------+------+-----+---------+-------+
4 rows in set (0.00 sec)

MariaDB [csd2204w18]> desc employees;
+----------------+--------------+------+-----+---------+-------+
| Field          | Type         | Null | Key | Default | Extra |
+----------------+--------------+------+-----+---------+-------+
| EMPLOYEE_ID    | decimal(6,0) | NO   | PRI | 0       |       |
| FIRST_NAME     | varchar(20)  | YES  |     | NULL    |       |
| LAST_NAME      | varchar(25)  | NO   | MUL | NULL    |       |
| EMAIL          | varchar(25)  | NO   | UNI | NULL    |       |
| PHONE_NUMBER   | varchar(20)  | YES  |     | NULL    |       |
| HIRE_DATE      | date         | NO   |     | NULL    |       |
| JOB_ID         | varchar(10)  | NO   | MUL | NULL    |       |
| SALARY         | decimal(8,2) | YES  |     | NULL    |       |
| COMMISSION_PCT | decimal(2,2) | YES  |     | NULL    |       |
| MANAGER_ID     | decimal(6,0) | YES  | MUL | NULL    |       |
| DEPARTMENT_ID  | decimal(4,0) | YES  | MUL | NULL    |       |
+----------------+--------------+------+-----+---------+-------+
11 rows in set (0.01 sec)

MariaDB [csd2204w18]> select Employee_id,First_name,Last_name from employees E
    -> where ;
ERROR 1064 (42000): You have an error in your SQL syntax; check the manual that corresponds to your MariaDB server version for the right syntax to use near '' at line 2
MariaDB [csd2204w18]> select Employee_id,First_name,Last_name from employees E, departments D
    -> where E.Department_ID = D.Department_id;
+-------------+-------------+-------------+
| Employee_id | First_name  | Last_name   |
+-------------+-------------+-------------+
|         100 | Steven      | King        |
|         101 | Neena       | Kochhar     |
|         102 | Lex         | De Haan     |
|         103 | Alexander   | Hunold      |
|         104 | Bruce       | Ernst       |
|         105 | David       | Austin      |
|         106 | Valli       | Pataballa   |
|         107 | Diana       | Lorentz     |
|         108 | Nancy       | Greenberg   |
|         109 | Daniel      | Faviet      |
|         110 | John        | Chen        |
|         111 | Ismael      | Sciarra     |
|         112 | Jose Manuel | Urman       |
|         113 | Luis        | Popp        |
|         114 | Den         | Raphaely    |
|         115 | Alexander   | Khoo        |
|         116 | Shelli      | Baida       |
|         117 | Sigal       | Tobias      |
|         118 | Guy         | Himuro      |
|         119 | Karen       | Colmenares  |
|         120 | Matthew     | Weiss       |
|         121 | Adam        | Fripp       |
|         122 | Payam       | Kaufling    |
|         123 | Shanta      | Vollman     |
|         124 | Kevin       | Mourgos     |
|         125 | Julia       | Nayer       |
|         126 | Irene       | Mikkilineni |
|         127 | James       | Landry      |
|         128 | Steven      | Markle      |
|         129 | Laura       | Bissot      |
|         130 | Mozhe       | Atkinson    |
|         131 | James       | Marlow      |
|         132 | TJ          | Olson       |
|         133 | Jason       | Mallin      |
|         134 | Michael     | Rogers      |
|         135 | Ki          | Gee         |
|         136 | Hazel       | Philtanker  |
|         137 | Renske      | Ladwig      |
|         138 | Stephen     | Stiles      |
|         139 | John        | Seo         |
|         140 | Joshua      | Patel       |
|         141 | Trenna      | Rajs        |
|         142 | Curtis      | Davies      |
|         143 | Randall     | Matos       |
|         144 | Peter       | Vargas      |
|         145 | John        | Russell     |
|         146 | Karen       | Partners    |
|         147 | Alberto     | Errazuriz   |
|         148 | Gerald      | Cambrault   |
|         149 | Eleni       | Zlotkey     |
|         150 | Peter       | Tucker      |
|         151 | David       | Bernstein   |
|         152 | Peter       | Hall        |
|         153 | Christopher | Olsen       |
|         154 | Nanette     | Cambrault   |
|         155 | Oliver      | Tuvault     |
|         156 | Janette     | King        |
|         157 | Patrick     | Sully       |
|         158 | Allan       | McEwen      |
|         159 | Lindsey     | Smith       |
|         160 | Louise      | Doran       |
|         161 | Sarath      | Sewall      |
|         162 | Clara       | Vishney     |
|         163 | Danielle    | Greene      |
|         164 | Mattea      | Marvins     |
|         165 | David       | Lee         |
|         166 | Sundar      | Ande        |
|         167 | Amit        | Banda       |
|         168 | Lisa        | Ozer        |
|         169 | Harrison    | Bloom       |
|         170 | Tayler      | Fox         |
|         171 | William     | Smith       |
|         172 | Elizabeth   | Bates       |
|         173 | Sundita     | Kumar       |
|         174 | Ellen       | Abel        |
|         175 | Alyssa      | Hutton      |
|         176 | Jonathon    | Taylor      |
|         177 | Jack        | Livingston  |
|         179 | Charles     | Johnson     |
|         180 | Winston     | Taylor      |
|         181 | Jean        | Fleaur      |
|         182 | Martha      | Sullivan    |
|         183 | Girard      | Geoni       |
|         184 | Nandita     | Sarchand    |
|         185 | Alexis      | Bull        |
|         186 | Julia       | Dellinger   |
|         187 | Anthony     | Cabrio      |
|         188 | Kelly       | Chung       |
|         189 | Jennifer    | Dilly       |
|         190 | Timothy     | Gates       |
|         191 | Randall     | Perkins     |
|         192 | Sarah       | Bell        |
|         193 | Britney     | Everett     |
|         194 | Samuel      | McCain      |
|         195 | Vance       | Jones       |
|         196 | Alana       | Walsh       |
|         197 | Kevin       | Feeney      |
|         198 | Donald      | OConnell    |
|         199 | Douglas     | Grant       |
|         200 | Jennifer    | Whalen      |
|         201 | Michael     | Hartstein   |
|         202 | Pat         | Fay         |
|         203 | Susan       | Mavris      |
|         204 | Hermann     | Baer        |
|         205 | Shelley     | Higgins     |
|         206 | William     | Gietz       |
+-------------+-------------+-------------+
106 rows in set (0.00 sec)

MariaDB [csd2204w18]> select Employee_id,Department_name,First_name,Last_name from employees E, departments D
    -> where E.Department_ID = D.Department_id;
+-------------+------------------+-------------+-------------+
| Employee_id | Department_name  | First_name  | Last_name   |
+-------------+------------------+-------------+-------------+
|         100 | Executive        | Steven      | King        |
|         101 | Executive        | Neena       | Kochhar     |
|         102 | Executive        | Lex         | De Haan     |
|         103 | IT               | Alexander   | Hunold      |
|         104 | IT               | Bruce       | Ernst       |
|         105 | IT               | David       | Austin      |
|         106 | IT               | Valli       | Pataballa   |
|         107 | IT               | Diana       | Lorentz     |
|         108 | Finance          | Nancy       | Greenberg   |
|         109 | Finance          | Daniel      | Faviet      |
|         110 | Finance          | John        | Chen        |
|         111 | Finance          | Ismael      | Sciarra     |
|         112 | Finance          | Jose Manuel | Urman       |
|         113 | Finance          | Luis        | Popp        |
|         114 | Purchasing       | Den         | Raphaely    |
|         115 | Purchasing       | Alexander   | Khoo        |
|         116 | Purchasing       | Shelli      | Baida       |
|         117 | Purchasing       | Sigal       | Tobias      |
|         118 | Purchasing       | Guy         | Himuro      |
|         119 | Purchasing       | Karen       | Colmenares  |
|         120 | Shipping         | Matthew     | Weiss       |
|         121 | Shipping         | Adam        | Fripp       |
|         122 | Shipping         | Payam       | Kaufling    |
|         123 | Shipping         | Shanta      | Vollman     |
|         124 | Shipping         | Kevin       | Mourgos     |
|         125 | Shipping         | Julia       | Nayer       |
|         126 | Shipping         | Irene       | Mikkilineni |
|         127 | Shipping         | James       | Landry      |
|         128 | Shipping         | Steven      | Markle      |
|         129 | Shipping         | Laura       | Bissot      |
|         130 | Shipping         | Mozhe       | Atkinson    |
|         131 | Shipping         | James       | Marlow      |
|         132 | Shipping         | TJ          | Olson       |
|         133 | Shipping         | Jason       | Mallin      |
|         134 | Shipping         | Michael     | Rogers      |
|         135 | Shipping         | Ki          | Gee         |
|         136 | Shipping         | Hazel       | Philtanker  |
|         137 | Shipping         | Renske      | Ladwig      |
|         138 | Shipping         | Stephen     | Stiles      |
|         139 | Shipping         | John        | Seo         |
|         140 | Shipping         | Joshua      | Patel       |
|         141 | Shipping         | Trenna      | Rajs        |
|         142 | Shipping         | Curtis      | Davies      |
|         143 | Shipping         | Randall     | Matos       |
|         144 | Shipping         | Peter       | Vargas      |
|         145 | Sales            | John        | Russell     |
|         146 | Sales            | Karen       | Partners    |
|         147 | Sales            | Alberto     | Errazuriz   |
|         148 | Sales            | Gerald      | Cambrault   |
|         149 | Sales            | Eleni       | Zlotkey     |
|         150 | Sales            | Peter       | Tucker      |
|         151 | Sales            | David       | Bernstein   |
|         152 | Sales            | Peter       | Hall        |
|         153 | Sales            | Christopher | Olsen       |
|         154 | Sales            | Nanette     | Cambrault   |
|         155 | Sales            | Oliver      | Tuvault     |
|         156 | Sales            | Janette     | King        |
|         157 | Sales            | Patrick     | Sully       |
|         158 | Sales            | Allan       | McEwen      |
|         159 | Sales            | Lindsey     | Smith       |
|         160 | Sales            | Louise      | Doran       |
|         161 | Sales            | Sarath      | Sewall      |
|         162 | Sales            | Clara       | Vishney     |
|         163 | Sales            | Danielle    | Greene      |
|         164 | Sales            | Mattea      | Marvins     |
|         165 | Sales            | David       | Lee         |
|         166 | Sales            | Sundar      | Ande        |
|         167 | Sales            | Amit        | Banda       |
|         168 | Sales            | Lisa        | Ozer        |
|         169 | Sales            | Harrison    | Bloom       |
|         170 | Sales            | Tayler      | Fox         |
|         171 | Sales            | William     | Smith       |
|         172 | Sales            | Elizabeth   | Bates       |
|         173 | Sales            | Sundita     | Kumar       |
|         174 | Sales            | Ellen       | Abel        |
|         175 | Sales            | Alyssa      | Hutton      |
|         176 | Sales            | Jonathon    | Taylor      |
|         177 | Sales            | Jack        | Livingston  |
|         179 | Sales            | Charles     | Johnson     |
|         180 | Shipping         | Winston     | Taylor      |
|         181 | Shipping         | Jean        | Fleaur      |
|         182 | Shipping         | Martha      | Sullivan    |
|         183 | Shipping         | Girard      | Geoni       |
|         184 | Shipping         | Nandita     | Sarchand    |
|         185 | Shipping         | Alexis      | Bull        |
|         186 | Shipping         | Julia       | Dellinger   |
|         187 | Shipping         | Anthony     | Cabrio      |
|         188 | Shipping         | Kelly       | Chung       |
|         189 | Shipping         | Jennifer    | Dilly       |
|         190 | Shipping         | Timothy     | Gates       |
|         191 | Shipping         | Randall     | Perkins     |
|         192 | Shipping         | Sarah       | Bell        |
|         193 | Shipping         | Britney     | Everett     |
|         194 | Shipping         | Samuel      | McCain      |
|         195 | Shipping         | Vance       | Jones       |
|         196 | Shipping         | Alana       | Walsh       |
|         197 | Shipping         | Kevin       | Feeney      |
|         198 | Shipping         | Donald      | OConnell    |
|         199 | Shipping         | Douglas     | Grant       |
|         200 | Administration   | Jennifer    | Whalen      |
|         201 | Marketing        | Michael     | Hartstein   |
|         202 | Marketing        | Pat         | Fay         |
|         203 | Human Resources  | Susan       | Mavris      |
|         204 | Public Relations | Hermann     | Baer        |
|         205 | Accounting       | Shelley     | Higgins     |
|         206 | Accounting       | William     | Gietz       |
+-------------+------------------+-------------+-------------+
106 rows in set (0.01 sec)

MariaDB [csd2204w18]> select Employee_id,First_name,Last_name from
    -> ( select Employee_id,Department_name,First_name,Last_name from employees E, departments D where E.Department_ID = D.Department_id ) je where Department_name = 'IT';
+-------------+------------+-----------+
| Employee_id | First_name | Last_name |
+-------------+------------+-----------+
|         103 | Alexander  | Hunold    |
|         104 | Bruce      | Ernst     |
|         105 | David      | Austin    |
|         106 | Valli      | Pataballa |
|         107 | Diana      | Lorentz   |
+-------------+------------+-----------+
5 rows in set (0.00 sec)

MariaDB [csd2204w18]> select Employee_id,First_name,Last_name,department from
    -> ( select Employee_id,Department_name,First_name,Last_name from employees E, departments D where E.Department_ID = D.Department_id ) je where Department_name = 'IT';
ERROR 1054 (42S22): Unknown column 'department' in 'field list'
MariaDB [csd2204w18]> select Employee_id,First_name,Last_name,department_name from
    -> ( select Employee_id,Department_name,First_name,Last_name from employees E, departments D where E.Department_ID = D.Department_id ) je where Department_name = 'IT';
+-------------+------------+-----------+-----------------+
| Employee_id | First_name | Last_name | Department_name |
+-------------+------------+-----------+-----------------+
|         103 | Alexander  | Hunold    | IT              |
|         104 | Bruce      | Ernst     | IT              |
|         105 | David      | Austin    | IT              |
|         106 | Valli      | Pataballa | IT              |
|         107 | Diana      | Lorentz   | IT              |
+-------------+------------+-----------+-----------------+
5 rows in set (0.00 sec)

MariaDB [csd2204w18]> desc departments;
+-----------------+--------------+------+-----+---------+-------+
| Field           | Type         | Null | Key | Default | Extra |
+-----------------+--------------+------+-----+---------+-------+
| DEPARTMENT_ID   | decimal(4,0) | NO   | PRI | 0       |       |
| DEPARTMENT_NAME | varchar(30)  | NO   |     | NULL    |       |
| MANAGER_ID      | decimal(6,0) | YES  | MUL | NULL    |       |
| LOCATION_ID     | decimal(4,0) | YES  | MUL | NULL    |       |
+-----------------+--------------+------+-----+---------+-------+
4 rows in set (0.01 sec)

MariaDB [csd2204w18]> select * from departments;
+---------------+----------------------+------------+-------------+
| DEPARTMENT_ID | DEPARTMENT_NAME      | MANAGER_ID | LOCATION_ID |
+---------------+----------------------+------------+-------------+
|            10 | Administration       |        200 |        1700 |
|            20 | Marketing            |        201 |        1800 |
|            30 | Purchasing           |        114 |        1700 |
|            40 | Human Resources      |        203 |        2400 |
|            50 | Shipping             |        121 |        1500 |
|            60 | IT                   |        103 |        1400 |
|            70 | Public Relations     |        204 |        2700 |
|            80 | Sales                |        145 |        2500 |
|            90 | Executive            |        100 |        1700 |
|           100 | Finance              |        108 |        1700 |
|           110 | Accounting           |        205 |        1700 |
|           120 | Treasury             |          0 |        1700 |
|           130 | Corporate Tax        |          0 |        1700 |
|           140 | Control And Credit   |          0 |        1700 |
|           150 | Shareholder Services |          0 |        1700 |
|           160 | Benefits             |          0 |        1700 |
|           170 | Manufacturing        |          0 |        1700 |
|           180 | Construction         |          0 |        1700 |
|           190 | Contracting          |          0 |        1700 |
|           200 | Operations           |          0 |        1700 |
|           210 | IT Support           |          0 |        1700 |
|           220 | NOC                  |          0 |        1700 |
|           230 | IT Helpdesk          |          0 |        1700 |
|           240 | Government Sales     |          0 |        1700 |
|           250 | Retail Sales         |          0 |        1700 |
|           260 | Recruiting           |          0 |        1700 |
|           270 | Payroll              |          0 |        1700 |
+---------------+----------------------+------------+-------------+
27 rows in set (0.00 sec)

MariaDB [csd2204w18]> select * from location;
ERROR 1146 (42S02): Table 'csd2204w18.location' doesn't exist
MariaDB [csd2204w18]> show tables;
+----------------------+
| Tables_in_csd2204w18 |
+----------------------+
| animals              |
| countries            |
| departments          |
| employees            |
| job_history          |
| jobs                 |
| locations            |
| manu                 |
| pet                  |
| products             |
| regions              |
+----------------------+
11 rows in set (0.00 sec)

MariaDB [csd2204w18]> select * from locations;
+-------------+---------------------------+--------------+---------------------+-------------------+------------+
| LOCATION_ID | STREET_ADDRESS            | POSTAL_CODE  | CITY                | STATE_PROVINCE    | COUNTRY_ID |
+-------------+---------------------------+--------------+---------------------+-------------------+------------+
|        1000 | 1297 Via Cola di Rie      | 989          | Roma                |                   | IT         |
|        1100 | 93091 Calle della Testa   | 10934        | Venice              |                   | IT         |
|        1200 | 2017 Shinjuku-ku          | 1689         | Tokyo               | Tokyo Prefecture  | JP         |
|        1300 | 9450 Kamiya-cho           | 6823         | Hiroshima           |                   | JP         |
|        1400 | 2014 Jabberwocky Rd       | 26192        | Southlake           | Texas             | US         |
|        1500 | 2011 Interiors Blvd       | 99236        | South San Francisco | California        | US         |
|        1600 | 2007 Zagora St            | 50090        | South Brunswick     | New Jersey        | US         |
|        1700 | 2004 Charade Rd           | 98199        | Seattle             | Washington        | US         |
|        1800 | 147 Spadina Ave           | M5V 2L7      | Toronto             | Ontario           | CA         |
|        1900 | 6092 Boxwood St           | YSW 9T2      | Whitehorse          | Yukon             | CA         |
|        2000 | 40-5-12 Laogianggen       | 190518       | Beijing             |                   | CN         |
|        2100 | 1298 Vileparle (E)        | 490231       | Bombay              | Maharashtra       | IN         |
|        2200 | 12-98 Victoria Street     | 2901         | Sydney              | New South Wales   | AU         |
|        2300 | 198 Clementi North        | 540198       | Singapore           |                   | SG         |
|        2400 | 8204 Arthur St            |              | London              |                   | UK         |
|        2500 | "Magdalen Centre          |  The Oxford  | OX9 9ZB             | Oxford            | Ox         |
|        2600 | 9702 Chester Road         | 9629850293   | Stretford           | Manchester        | UK         |
|        2700 | Schwanthalerstr. 7031     | 80925        | Munich              | Bavaria           | DE         |
|        2800 | Rua Frei Caneca 1360      | 01307-002    | Sao Paulo           | Sao Paulo         | BR         |
|        2900 | 20 Rue des Corps-Saints   | 1730         | Geneva              | Geneve            | CH         |
|        3000 | Murtenstrasse 921         | 3095         | Bern                | BE                | CH         |
|        3100 | Pieter Breughelstraat 837 | 3029SK       | Utrecht             | Utrecht           | NL         |
|        3200 | Mariano Escobedo 9991     | 11932        | Mexico City         | "Distrito Federal | "          |
+-------------+---------------------------+--------------+---------------------+-------------------+------------+
23 rows in set (0.02 sec)

MariaDB [csd2204w18]> select Department_name, country_id from Departments D,locations L
    -> where L.locations = 'US' and D.location_id = L.locations;
ERROR 1054 (42S22): Unknown column 'L.locations' in 'where clause'
MariaDB [csd2204w18]> select Department_name, country_id from Departments D,locations L
    -> where L.location_id = 'US' and D.location_id = L.location_id;
Empty set (0.00 sec)

MariaDB [csd2204w18]> select Department_name, country_id from Departments D,locations L
    -> where L.country_idlocations = 'US' and D.location_id = L.locations;
ERROR 1054 (42S22): Unknown column 'L.country_idlocations' in 'where clause'
MariaDB [csd2204w18]> desc employees
    -> ;
+----------------+--------------+------+-----+---------+-------+
| Field          | Type         | Null | Key | Default | Extra |
+----------------+--------------+------+-----+---------+-------+
| EMPLOYEE_ID    | decimal(6,0) | NO   | PRI | 0       |       |
| FIRST_NAME     | varchar(20)  | YES  |     | NULL    |       |
| LAST_NAME      | varchar(25)  | NO   | MUL | NULL    |       |
| EMAIL          | varchar(25)  | NO   | UNI | NULL    |       |
| PHONE_NUMBER   | varchar(20)  | YES  |     | NULL    |       |
| HIRE_DATE      | date         | NO   |     | NULL    |       |
| JOB_ID         | varchar(10)  | NO   | MUL | NULL    |       |
| SALARY         | decimal(8,2) | YES  |     | NULL    |       |
| COMMISSION_PCT | decimal(2,2) | YES  |     | NULL    |       |
| MANAGER_ID     | decimal(6,0) | YES  | MUL | NULL    |       |
| DEPARTMENT_ID  | decimal(4,0) | YES  | MUL | NULL    |       |
+----------------+--------------+------+-----+---------+-------+
11 rows in set (0.00 sec)

MariaDB [csd2204w18]> desc departments;
+-----------------+--------------+------+-----+---------+-------+
| Field           | Type         | Null | Key | Default | Extra |
+-----------------+--------------+------+-----+---------+-------+
| DEPARTMENT_ID   | decimal(4,0) | NO   | PRI | 0       |       |
| DEPARTMENT_NAME | varchar(30)  | NO   |     | NULL    |       |
| MANAGER_ID      | decimal(6,0) | YES  | MUL | NULL    |       |
| LOCATION_ID     | decimal(4,0) | YES  | MUL | NULL    |       |
+-----------------+--------------+------+-----+---------+-------+
4 rows in set (0.02 sec)

MariaDB [csd2204w18]> desc locations;
+----------------+--------------+------+-----+---------+-------+
| Field          | Type         | Null | Key | Default | Extra |
+----------------+--------------+------+-----+---------+-------+
| LOCATION_ID    | decimal(4,0) | NO   | PRI | 0       |       |
| STREET_ADDRESS | varchar(40)  | YES  |     | NULL    |       |
| POSTAL_CODE    | varchar(12)  | YES  |     | NULL    |       |
| CITY           | varchar(30)  | NO   | MUL | NULL    |       |
| STATE_PROVINCE | varchar(25)  | YES  | MUL | NULL    |       |
| COUNTRY_ID     | varchar(2)   | YES  | MUL | NULL    |       |
+----------------+--------------+------+-----+---------+-------+
6 rows in set (0.00 sec)

MariaDB [csd2204w18]> select Department_name, country_id from Departments D,locations L
    -> where L.country_id = 'US' and D.location_id = L.location_id;
+----------------------+------------+
| Department_name      | country_id |
+----------------------+------------+
| IT                   | US         |
| Shipping             | US         |
| Administration       | US         |
| Purchasing           | US         |
| Executive            | US         |
| Finance              | US         |
| Accounting           | US         |
| Treasury             | US         |
| Corporate Tax        | US         |
| Control And Credit   | US         |
| Shareholder Services | US         |
| Benefits             | US         |
| Manufacturing        | US         |
| Construction         | US         |
| Contracting          | US         |
| Operations           | US         |
| IT Support           | US         |
| NOC                  | US         |
| IT Helpdesk          | US         |
| Government Sales     | US         |
| Retail Sales         | US         |
| Recruiting           | US         |
| Payroll              | US         |
+----------------------+------------+
23 rows in set (0.00 sec)

MariaDB [csd2204w18]> Select First_name, Last_name from employees E,
    -> (select department_id,Department_name, country_id from Departments D,locations L where L.country_id = 'US' and D.location_id = L.location_id ) je where e.department_id = je.department_id;
+-------------+-------------+
| First_name  | Last_name   |
+-------------+-------------+
| Alexander   | Hunold      |
| Bruce       | Ernst       |
| David       | Austin      |
| Valli       | Pataballa   |
| Diana       | Lorentz     |
| Matthew     | Weiss       |
| Adam        | Fripp       |
| Payam       | Kaufling    |
| Shanta      | Vollman     |
| Kevin       | Mourgos     |
| Julia       | Nayer       |
| Irene       | Mikkilineni |
| James       | Landry      |
| Steven      | Markle      |
| Laura       | Bissot      |
| Mozhe       | Atkinson    |
| James       | Marlow      |
| TJ          | Olson       |
| Jason       | Mallin      |
| Michael     | Rogers      |
| Ki          | Gee         |
| Hazel       | Philtanker  |
| Renske      | Ladwig      |
| Stephen     | Stiles      |
| John        | Seo         |
| Joshua      | Patel       |
| Trenna      | Rajs        |
| Curtis      | Davies      |
| Randall     | Matos       |
| Peter       | Vargas      |
| Winston     | Taylor      |
| Jean        | Fleaur      |
| Martha      | Sullivan    |
| Girard      | Geoni       |
| Nandita     | Sarchand    |
| Alexis      | Bull        |
| Julia       | Dellinger   |
| Anthony     | Cabrio      |
| Kelly       | Chung       |
| Jennifer    | Dilly       |
| Timothy     | Gates       |
| Randall     | Perkins     |
| Sarah       | Bell        |
| Britney     | Everett     |
| Samuel      | McCain      |
| Vance       | Jones       |
| Alana       | Walsh       |
| Kevin       | Feeney      |
| Donald      | OConnell    |
| Douglas     | Grant       |
| Jennifer    | Whalen      |
| Den         | Raphaely    |
| Alexander   | Khoo        |
| Shelli      | Baida       |
| Sigal       | Tobias      |
| Guy         | Himuro      |
| Karen       | Colmenares  |
| Steven      | King        |
| Neena       | Kochhar     |
| Lex         | De Haan     |
| Nancy       | Greenberg   |
| Daniel      | Faviet      |
| John        | Chen        |
| Ismael      | Sciarra     |
| Jose Manuel | Urman       |
| Luis        | Popp        |
| Shelley     | Higgins     |
| William     | Gietz       |
+-------------+-------------+
68 rows in set (0.00 sec)

MariaDB [csd2204w18]> Select First_name, Last_name,department_id,Department_name, country_idfrom employees E,
    -> select Department_name, country_id from Departme;
ERROR 1064 (42000): You have an error in your SQL syntax; check the manual that corresponds to your MariaDB server version for the right syntax to use near 'E,
select Department_name, country_id from Departme' at line 1
MariaDB [csd2204w18]> Select First_name, Last_name,department_id,Department_name, country_id from employees E,
    -> (select department_id,Department_name, country_id from Departments D,locations L where L.country_id = 'US' and D.location_id = L.location_id ) je where e.department_id = je.department_id;
ERROR 1052 (23000): Column 'department_id' in field list is ambiguous
MariaDB [csd2204w18]> Select First_name, Last_name,department_id,Department_name, country_id from employees E,
    -> ;
ERROR 1064 (42000): You have an error in your SQL syntax; check the manual that corresponds to your MariaDB server version for the right syntax to use near '' at line 1
MariaDB [csd2204w18]> Select First_name, Last_name,Department_name, country_id from employees E,
    -> (select department_id,Department_name, country_id from Departments D,locations L where L.country_id = 'US' and D.location_id = L.location_id ) je where e.department_id = je.department_id;
+-------------+-------------+-----------------+------------+
| First_name  | Last_name   | Department_name | country_id |
+-------------+-------------+-----------------+------------+
| Alexander   | Hunold      | IT              | US         |
| Bruce       | Ernst       | IT              | US         |
| David       | Austin      | IT              | US         |
| Valli       | Pataballa   | IT              | US         |
| Diana       | Lorentz     | IT              | US         |
| Matthew     | Weiss       | Shipping        | US         |
| Adam        | Fripp       | Shipping        | US         |
| Payam       | Kaufling    | Shipping        | US         |
| Shanta      | Vollman     | Shipping        | US         |
| Kevin       | Mourgos     | Shipping        | US         |
| Julia       | Nayer       | Shipping        | US         |
| Irene       | Mikkilineni | Shipping        | US         |
| James       | Landry      | Shipping        | US         |
| Steven      | Markle      | Shipping        | US         |
| Laura       | Bissot      | Shipping        | US         |
| Mozhe       | Atkinson    | Shipping        | US         |
| James       | Marlow      | Shipping        | US         |
| TJ          | Olson       | Shipping        | US         |
| Jason       | Mallin      | Shipping        | US         |
| Michael     | Rogers      | Shipping        | US         |
| Ki          | Gee         | Shipping        | US         |
| Hazel       | Philtanker  | Shipping        | US         |
| Renske      | Ladwig      | Shipping        | US         |
| Stephen     | Stiles      | Shipping        | US         |
| John        | Seo         | Shipping        | US         |
| Joshua      | Patel       | Shipping        | US         |
| Trenna      | Rajs        | Shipping        | US         |
| Curtis      | Davies      | Shipping        | US         |
| Randall     | Matos       | Shipping        | US         |
| Peter       | Vargas      | Shipping        | US         |
| Winston     | Taylor      | Shipping        | US         |
| Jean        | Fleaur      | Shipping        | US         |
| Martha      | Sullivan    | Shipping        | US         |
| Girard      | Geoni       | Shipping        | US         |
| Nandita     | Sarchand    | Shipping        | US         |
| Alexis      | Bull        | Shipping        | US         |
| Julia       | Dellinger   | Shipping        | US         |
| Anthony     | Cabrio      | Shipping        | US         |
| Kelly       | Chung       | Shipping        | US         |
| Jennifer    | Dilly       | Shipping        | US         |
| Timothy     | Gates       | Shipping        | US         |
| Randall     | Perkins     | Shipping        | US         |
| Sarah       | Bell        | Shipping        | US         |
| Britney     | Everett     | Shipping        | US         |
| Samuel      | McCain      | Shipping        | US         |
| Vance       | Jones       | Shipping        | US         |
| Alana       | Walsh       | Shipping        | US         |
| Kevin       | Feeney      | Shipping        | US         |
| Donald      | OConnell    | Shipping        | US         |
| Douglas     | Grant       | Shipping        | US         |
| Jennifer    | Whalen      | Administration  | US         |
| Den         | Raphaely    | Purchasing      | US         |
| Alexander   | Khoo        | Purchasing      | US         |
| Shelli      | Baida       | Purchasing      | US         |
| Sigal       | Tobias      | Purchasing      | US         |
| Guy         | Himuro      | Purchasing      | US         |
| Karen       | Colmenares  | Purchasing      | US         |
| Steven      | King        | Executive       | US         |
| Neena       | Kochhar     | Executive       | US         |
| Lex         | De Haan     | Executive       | US         |
| Nancy       | Greenberg   | Finance         | US         |
| Daniel      | Faviet      | Finance         | US         |
| John        | Chen        | Finance         | US         |
| Ismael      | Sciarra     | Finance         | US         |
| Jose Manuel | Urman       | Finance         | US         |
| Luis        | Popp        | Finance         | US         |
| Shelley     | Higgins     | Accounting      | US         |
| William     | Gietz       | Accounting      | US         |
+-------------+-------------+-----------------+------------+
68 rows in set (0.00 sec)

MariaDB [csd2204w18]> Select EMPLOYEE_ID,First_name, Last_name,department_id,Department_name, country_id from employees E,
    -> (select department_id,Department_name, country_id from Departments D,locations L where L.country_id = 'US' and D.location_id = L.location_id ) je where e.department_id = je.department_id;
ERROR 1052 (23000): Column 'department_id' in field list is ambiguous
MariaDB [csd2204w18]> Select EMPLOYEE_ID,First_name, Last_name,E.department_id,Department_name, country_id from employees E,_name, Last_name,Department_name, country_id from employees E,
    -> (select department_id,Department_name, country_id from Departments D,locations L where L.country_id = 'US' and D.location_id = L.location_id ) je where e.department_id = je.department_id;
ERROR 1064 (42000): You have an error in your SQL syntax; check the manual that corresponds to your MariaDB server version for the right syntax to use near 'from employees E,
(select department_id,Department_name, country_id from Departm' at line 1
MariaDB [csd2204w18]> Select EMPLOYEE_ID,First_name, Last_name,E.department_id,Department_name, country_id from employees E,
    -> (select department_id,Department_name, country_id from Departments D,locations L where L.country_id = 'US' and D.location_id = L.location_id ) je where e.department_id = je.department_id;
+-------------+-------------+-------------+---------------+-----------------+------------+
| EMPLOYEE_ID | First_name  | Last_name   | department_id | Department_name | country_id |
+-------------+-------------+-------------+---------------+-----------------+------------+
|         103 | Alexander   | Hunold      |            60 | IT              | US         |
|         104 | Bruce       | Ernst       |            60 | IT              | US         |
|         105 | David       | Austin      |            60 | IT              | US         |
|         106 | Valli       | Pataballa   |            60 | IT              | US         |
|         107 | Diana       | Lorentz     |            60 | IT              | US         |
|         120 | Matthew     | Weiss       |            50 | Shipping        | US         |
|         121 | Adam        | Fripp       |            50 | Shipping        | US         |
|         122 | Payam       | Kaufling    |            50 | Shipping        | US         |
|         123 | Shanta      | Vollman     |            50 | Shipping        | US         |
|         124 | Kevin       | Mourgos     |            50 | Shipping        | US         |
|         125 | Julia       | Nayer       |            50 | Shipping        | US         |
|         126 | Irene       | Mikkilineni |            50 | Shipping        | US         |
|         127 | James       | Landry      |            50 | Shipping        | US         |
|         128 | Steven      | Markle      |            50 | Shipping        | US         |
|         129 | Laura       | Bissot      |            50 | Shipping        | US         |
|         130 | Mozhe       | Atkinson    |            50 | Shipping        | US         |
|         131 | James       | Marlow      |            50 | Shipping        | US         |
|         132 | TJ          | Olson       |            50 | Shipping        | US         |
|         133 | Jason       | Mallin      |            50 | Shipping        | US         |
|         134 | Michael     | Rogers      |            50 | Shipping        | US         |
|         135 | Ki          | Gee         |            50 | Shipping        | US         |
|         136 | Hazel       | Philtanker  |            50 | Shipping        | US         |
|         137 | Renske      | Ladwig      |            50 | Shipping        | US         |
|         138 | Stephen     | Stiles      |            50 | Shipping        | US         |
|         139 | John        | Seo         |            50 | Shipping        | US         |
|         140 | Joshua      | Patel       |            50 | Shipping        | US         |
|         141 | Trenna      | Rajs        |            50 | Shipping        | US         |
|         142 | Curtis      | Davies      |            50 | Shipping        | US         |
|         143 | Randall     | Matos       |            50 | Shipping        | US         |
|         144 | Peter       | Vargas      |            50 | Shipping        | US         |
|         180 | Winston     | Taylor      |            50 | Shipping        | US         |
|         181 | Jean        | Fleaur      |            50 | Shipping        | US         |
|         182 | Martha      | Sullivan    |            50 | Shipping        | US         |
|         183 | Girard      | Geoni       |            50 | Shipping        | US         |
|         184 | Nandita     | Sarchand    |            50 | Shipping        | US         |
|         185 | Alexis      | Bull        |            50 | Shipping        | US         |
|         186 | Julia       | Dellinger   |            50 | Shipping        | US         |
|         187 | Anthony     | Cabrio      |            50 | Shipping        | US         |
|         188 | Kelly       | Chung       |            50 | Shipping        | US         |
|         189 | Jennifer    | Dilly       |            50 | Shipping        | US         |
|         190 | Timothy     | Gates       |            50 | Shipping        | US         |
|         191 | Randall     | Perkins     |            50 | Shipping        | US         |
|         192 | Sarah       | Bell        |            50 | Shipping        | US         |
|         193 | Britney     | Everett     |            50 | Shipping        | US         |
|         194 | Samuel      | McCain      |            50 | Shipping        | US         |
|         195 | Vance       | Jones       |            50 | Shipping        | US         |
|         196 | Alana       | Walsh       |            50 | Shipping        | US         |
|         197 | Kevin       | Feeney      |            50 | Shipping        | US         |
|         198 | Donald      | OConnell    |            50 | Shipping        | US         |
|         199 | Douglas     | Grant       |            50 | Shipping        | US         |
|         200 | Jennifer    | Whalen      |            10 | Administration  | US         |
|         114 | Den         | Raphaely    |            30 | Purchasing      | US         |
|         115 | Alexander   | Khoo        |            30 | Purchasing      | US         |
|         116 | Shelli      | Baida       |            30 | Purchasing      | US         |
|         117 | Sigal       | Tobias      |            30 | Purchasing      | US         |
|         118 | Guy         | Himuro      |            30 | Purchasing      | US         |
|         119 | Karen       | Colmenares  |            30 | Purchasing      | US         |
|         100 | Steven      | King        |            90 | Executive       | US         |
|         101 | Neena       | Kochhar     |            90 | Executive       | US         |
|         102 | Lex         | De Haan     |            90 | Executive       | US         |
|         108 | Nancy       | Greenberg   |           100 | Finance         | US         |
|         109 | Daniel      | Faviet      |           100 | Finance         | US         |
|         110 | John        | Chen        |           100 | Finance         | US         |
|         111 | Ismael      | Sciarra     |           100 | Finance         | US         |
|         112 | Jose Manuel | Urman       |           100 | Finance         | US         |
|         113 | Luis        | Popp        |           100 | Finance         | US         |
|         205 | Shelley     | Higgins     |           110 | Accounting      | US         |
|         206 | William     | Gietz       |           110 | Accounting      | US         |
+-------------+-------------+-------------+---------------+-----------------+------------+
68 rows in set (0.00 sec)

MariaDB [csd2204w18]> select First_name, Last_name, Manager_id from Employees E1
    -> , (Select EMPLOYEE_ID,First_name, Last_name,E.department_id,Department_name, country_id from employees E,
    -> (select department_id,Department_name, country_id from Departments D,locations L where L.country_id = 'US' and D.location_id = L.location_id ) je where e.department_id = je.department_id;) je2
ERROR 1064 (42000): You have an error in your SQL syntax; check the manual that corresponds to your MariaDB server version for the right syntax to use near '' at line 3
    -> select First_name, Last_name, Manager_id from Employees E1
    -> (select department_id,Department_name, country_id from Departments D,locations L where L.country_id = 'US' and D.location_id = L.location_id ) je where e.department_id = je.department_id) je2
    -> where E1.Manager_id = je2.employee_id;
ERROR 1064 (42000): You have an error in your SQL syntax; check the manual that corresponds to your MariaDB server version for the right syntax to use near ') je2
select First_name, Last_name, Manager_id from Employees E1
(select departm' at line 1
MariaDB [csd2204w18]> desc employees;
+----------------+--------------+------+-----+---------+-------+
| Field          | Type         | Null | Key | Default | Extra |
+----------------+--------------+------+-----+---------+-------+
| EMPLOYEE_ID    | decimal(6,0) | NO   | PRI | 0       |       |
| FIRST_NAME     | varchar(20)  | YES  |     | NULL    |       |
| LAST_NAME      | varchar(25)  | NO   | MUL | NULL    |       |
| EMAIL          | varchar(25)  | NO   | UNI | NULL    |       |
| PHONE_NUMBER   | varchar(20)  | YES  |     | NULL    |       |
| HIRE_DATE      | date         | NO   |     | NULL    |       |
| JOB_ID         | varchar(10)  | NO   | MUL | NULL    |       |
| SALARY         | decimal(8,2) | YES  |     | NULL    |       |
| COMMISSION_PCT | decimal(2,2) | YES  |     | NULL    |       |
| MANAGER_ID     | decimal(6,0) | YES  | MUL | NULL    |       |
| DEPARTMENT_ID  | decimal(4,0) | YES  | MUL | NULL    |       |
+----------------+--------------+------+-----+---------+-------+
11 rows in set (0.00 sec)

MariaDB [csd2204w18]> select * from employees;
+-------------+-------------+-------------+----------+--------------------+------------+------------+----------+----------------+------------+---------------+
| EMPLOYEE_ID | FIRST_NAME  | LAST_NAME   | EMAIL    | PHONE_NUMBER       | HIRE_DATE  | JOB_ID     | SALARY   | COMMISSION_PCT | MANAGER_ID | DEPARTMENT_ID |
+-------------+-------------+-------------+----------+--------------------+------------+------------+----------+----------------+------------+---------------+
|         100 | Steven      | King        | SKING    | 515.123.4567       | 1987-06-17 | AD_PRES    | 24000.00 |           0.00 |          0 |            90 |
|         101 | Neena       | Kochhar     | NKOCHHAR | 515.123.4568       | 1987-06-18 | AD_VP      | 17000.00 |           0.00 |        100 |            90 |
|         102 | Lex         | De Haan     | LDEHAAN  | 515.123.4569       | 1987-06-19 | AD_VP      | 17000.00 |           0.00 |        100 |            90 |
|         103 | Alexander   | Hunold      | AHUNOLD  | 590.423.4567       | 1987-06-20 | IT_PROG    |  9000.00 |           0.00 |        102 |            60 |
|         104 | Bruce       | Ernst       | BERNST   | 590.423.4568       | 1987-06-21 | IT_PROG    |  6000.00 |           0.00 |        103 |            60 |
|         105 | David       | Austin      | DAUSTIN  | 590.423.4569       | 1987-06-22 | IT_PROG    |  4800.00 |           0.00 |        103 |            60 |
|         106 | Valli       | Pataballa   | VPATABAL | 590.423.4560       | 1987-06-23 | IT_PROG    |  4800.00 |           0.00 |        103 |            60 |
|         107 | Diana       | Lorentz     | DLORENTZ | 590.423.5567       | 1987-06-24 | IT_PROG    |  4200.00 |           0.00 |        103 |            60 |
|         108 | Nancy       | Greenberg   | NGREENBE | 515.124.4569       | 1987-06-25 | FI_MGR     | 12000.00 |           0.00 |        101 |           100 |
|         109 | Daniel      | Faviet      | DFAVIET  | 515.124.4169       | 1987-06-26 | FI_ACCOUNT |  9000.00 |           0.00 |        108 |           100 |
|         110 | John        | Chen        | JCHEN    | 515.124.4269       | 1987-06-27 | FI_ACCOUNT |  8200.00 |           0.00 |        108 |           100 |
|         111 | Ismael      | Sciarra     | ISCIARRA | 515.124.4369       | 1987-06-28 | FI_ACCOUNT |  7700.00 |           0.00 |        108 |           100 |
|         112 | Jose Manuel | Urman       | JMURMAN  | 515.124.4469       | 1987-06-29 | FI_ACCOUNT |  7800.00 |           0.00 |        108 |           100 |
|         113 | Luis        | Popp        | LPOPP    | 515.124.4567       | 1987-06-30 | FI_ACCOUNT |  6900.00 |           0.00 |        108 |           100 |
|         114 | Den         | Raphaely    | DRAPHEAL | 515.127.4561       | 1987-07-01 | PU_MAN     | 11000.00 |           0.00 |        100 |            30 |
|         115 | Alexander   | Khoo        | AKHOO    | 515.127.4562       | 1987-07-02 | PU_CLERK   |  3100.00 |           0.00 |        114 |            30 |
|         116 | Shelli      | Baida       | SBAIDA   | 515.127.4563       | 1987-07-03 | PU_CLERK   |  2900.00 |           0.00 |        114 |            30 |
|         117 | Sigal       | Tobias      | STOBIAS  | 515.127.4564       | 1987-07-04 | PU_CLERK   |  2800.00 |           0.00 |        114 |            30 |
|         118 | Guy         | Himuro      | GHIMURO  | 515.127.4565       | 1987-07-05 | PU_CLERK   |  2600.00 |           0.00 |        114 |            30 |
|         119 | Karen       | Colmenares  | KCOLMENA | 515.127.4566       | 1987-07-06 | PU_CLERK   |  2500.00 |           0.00 |        114 |            30 |
|         120 | Matthew     | Weiss       | MWEISS   | 650.123.1234       | 1987-07-07 | ST_MAN     |  8000.00 |           0.00 |        100 |            50 |
|         121 | Adam        | Fripp       | AFRIPP   | 650.123.2234       | 1987-07-08 | ST_MAN     |  8200.00 |           0.00 |        100 |            50 |
|         122 | Payam       | Kaufling    | PKAUFLIN | 650.123.3234       | 1987-07-09 | ST_MAN     |  7900.00 |           0.00 |        100 |            50 |
|         123 | Shanta      | Vollman     | SVOLLMAN | 650.123.4234       | 1987-07-10 | ST_MAN     |  6500.00 |           0.00 |        100 |            50 |
|         124 | Kevin       | Mourgos     | KMOURGOS | 650.123.5234       | 1987-07-11 | ST_MAN     |  5800.00 |           0.00 |        100 |            50 |
|         125 | Julia       | Nayer       | JNAYER   | 650.124.1214       | 1987-07-12 | ST_CLERK   |  3200.00 |           0.00 |        120 |            50 |
|         126 | Irene       | Mikkilineni | IMIKKILI | 650.124.1224       | 1987-07-13 | ST_CLERK   |  2700.00 |           0.00 |        120 |            50 |
|         127 | James       | Landry      | JLANDRY  | 650.124.1334       | 1987-07-14 | ST_CLERK   |  2400.00 |           0.00 |        120 |            50 |
|         128 | Steven      | Markle      | SMARKLE  | 650.124.1434       | 1987-07-15 | ST_CLERK   |  2200.00 |           0.00 |        120 |            50 |
|         129 | Laura       | Bissot      | LBISSOT  | 650.124.5234       | 1987-07-16 | ST_CLERK   |  3300.00 |           0.00 |        121 |            50 |
|         130 | Mozhe       | Atkinson    | MATKINSO | 650.124.6234       | 1987-07-17 | ST_CLERK   |  2800.00 |           0.00 |        121 |            50 |
|         131 | James       | Marlow      | JAMRLOW  | 650.124.7234       | 1987-07-18 | ST_CLERK   |  2500.00 |           0.00 |        121 |            50 |
|         132 | TJ          | Olson       | TJOLSON  | 650.124.8234       | 1987-07-19 | ST_CLERK   |  2100.00 |           0.00 |        121 |            50 |
|         133 | Jason       | Mallin      | JMALLIN  | 650.127.1934       | 1987-07-20 | ST_CLERK   |  3300.00 |           0.00 |        122 |            50 |
|         134 | Michael     | Rogers      | MROGERS  | 650.127.1834       | 1987-07-21 | ST_CLERK   |  2900.00 |           0.00 |        122 |            50 |
|         135 | Ki          | Gee         | KGEE     | 650.127.1734       | 1987-07-22 | ST_CLERK   |  2400.00 |           0.00 |        122 |            50 |
|         136 | Hazel       | Philtanker  | HPHILTAN | 650.127.1634       | 1987-07-23 | ST_CLERK   |  2200.00 |           0.00 |        122 |            50 |
|         137 | Renske      | Ladwig      | RLADWIG  | 650.121.1234       | 1987-07-24 | ST_CLERK   |  3600.00 |           0.00 |        123 |            50 |
|         138 | Stephen     | Stiles      | SSTILES  | 650.121.2034       | 1987-07-25 | ST_CLERK   |  3200.00 |           0.00 |        123 |            50 |
|         139 | John        | Seo         | JSEO     | 650.121.2019       | 1987-07-26 | ST_CLERK   |  2700.00 |           0.00 |        123 |            50 |
|         140 | Joshua      | Patel       | JPATEL   | 650.121.1834       | 1987-07-27 | ST_CLERK   |  2500.00 |           0.00 |        123 |            50 |
|         141 | Trenna      | Rajs        | TRAJS    | 650.121.8009       | 1987-07-28 | ST_CLERK   |  3500.00 |           0.00 |        124 |            50 |
|         142 | Curtis      | Davies      | CDAVIES  | 650.121.2994       | 1987-07-29 | ST_CLERK   |  3100.00 |           0.00 |        124 |            50 |
|         143 | Randall     | Matos       | RMATOS   | 650.121.2874       | 1987-07-30 | ST_CLERK   |  2600.00 |           0.00 |        124 |            50 |
|         144 | Peter       | Vargas      | PVARGAS  | 650.121.2004       | 1987-07-31 | ST_CLERK   |  2500.00 |           0.00 |        124 |            50 |
|         145 | John        | Russell     | JRUSSEL  | 011.44.1344.429268 | 1987-08-01 | SA_MAN     | 14000.00 |           0.40 |        100 |            80 |
|         146 | Karen       | Partners    | KPARTNER | 011.44.1344.467268 | 1987-08-02 | SA_MAN     | 13500.00 |           0.30 |        100 |            80 |
|         147 | Alberto     | Errazuriz   | AERRAZUR | 011.44.1344.429278 | 1987-08-03 | SA_MAN     | 12000.00 |           0.30 |        100 |            80 |
|         148 | Gerald      | Cambrault   | GCAMBRAU | 011.44.1344.619268 | 1987-08-04 | SA_MAN     | 11000.00 |           0.30 |        100 |            80 |
|         149 | Eleni       | Zlotkey     | EZLOTKEY | 011.44.1344.429018 | 1987-08-05 | SA_MAN     | 10500.00 |           0.20 |        100 |            80 |
|         150 | Peter       | Tucker      | PTUCKER  | 011.44.1344.129268 | 1987-08-06 | SA_REP     | 10000.00 |           0.30 |        145 |            80 |
|         151 | David       | Bernstein   | DBERNSTE | 011.44.1344.345268 | 1987-08-07 | SA_REP     |  9500.00 |           0.25 |        145 |            80 |
|         152 | Peter       | Hall        | PHALL    | 011.44.1344.478968 | 1987-08-08 | SA_REP     |  9000.00 |           0.25 |        145 |            80 |
|         153 | Christopher | Olsen       | COLSEN   | 011.44.1344.498718 | 1987-08-09 | SA_REP     |  8000.00 |           0.20 |        145 |            80 |
|         154 | Nanette     | Cambrault   | NCAMBRAU | 011.44.1344.987668 | 1987-08-10 | SA_REP     |  7500.00 |           0.20 |        145 |            80 |
|         155 | Oliver      | Tuvault     | OTUVAULT | 011.44.1344.486508 | 1987-08-11 | SA_REP     |  7000.00 |           0.15 |        145 |            80 |
|         156 | Janette     | King        | JKING    | 011.44.1345.429268 | 1987-08-12 | SA_REP     | 10000.00 |           0.35 |        146 |            80 |
|         157 | Patrick     | Sully       | PSULLY   | 011.44.1345.929268 | 1987-08-13 | SA_REP     |  9500.00 |           0.35 |        146 |            80 |
|         158 | Allan       | McEwen      | AMCEWEN  | 011.44.1345.829268 | 1987-08-14 | SA_REP     |  9000.00 |           0.35 |        146 |            80 |
|         159 | Lindsey     | Smith       | LSMITH   | 011.44.1345.729268 | 1987-08-15 | SA_REP     |  8000.00 |           0.30 |        146 |            80 |
|         160 | Louise      | Doran       | LDORAN   | 011.44.1345.629268 | 1987-08-16 | SA_REP     |  7500.00 |           0.30 |        146 |            80 |
|         161 | Sarath      | Sewall      | SSEWALL  | 011.44.1345.529268 | 1987-08-17 | SA_REP     |  7000.00 |           0.25 |        146 |            80 |
|         162 | Clara       | Vishney     | CVISHNEY | 011.44.1346.129268 | 1987-08-18 | SA_REP     | 10500.00 |           0.25 |        147 |            80 |
|         163 | Danielle    | Greene      | DGREENE  | 011.44.1346.229268 | 1987-08-19 | SA_REP     |  9500.00 |           0.15 |        147 |            80 |
|         164 | Mattea      | Marvins     | MMARVINS | 011.44.1346.329268 | 1987-08-20 | SA_REP     |  7200.00 |           0.10 |        147 |            80 |
|         165 | David       | Lee         | DLEE     | 011.44.1346.529268 | 1987-08-21 | SA_REP     |  6800.00 |           0.10 |        147 |            80 |
|         166 | Sundar      | Ande        | SANDE    | 011.44.1346.629268 | 1987-08-22 | SA_REP     |  6400.00 |           0.10 |        147 |            80 |
|         167 | Amit        | Banda       | ABANDA   | 011.44.1346.729268 | 1987-08-23 | SA_REP     |  6200.00 |           0.10 |        147 |            80 |
|         168 | Lisa        | Ozer        | LOZER    | 011.44.1343.929268 | 1987-08-24 | SA_REP     | 11500.00 |           0.25 |        148 |            80 |
|         169 | Harrison    | Bloom       | HBLOOM   | 011.44.1343.829268 | 1987-08-25 | SA_REP     | 10000.00 |           0.20 |        148 |            80 |
|         170 | Tayler      | Fox         | TFOX     | 011.44.1343.729268 | 1987-08-26 | SA_REP     |  9600.00 |           0.20 |        148 |            80 |
|         171 | William     | Smith       | WSMITH   | 011.44.1343.629268 | 1987-08-27 | SA_REP     |  7400.00 |           0.15 |        148 |            80 |
|         172 | Elizabeth   | Bates       | EBATES   | 011.44.1343.529268 | 1987-08-28 | SA_REP     |  7300.00 |           0.15 |        148 |            80 |
|         173 | Sundita     | Kumar       | SKUMAR   | 011.44.1343.329268 | 1987-08-29 | SA_REP     |  6100.00 |           0.10 |        148 |            80 |
|         174 | Ellen       | Abel        | EABEL    | 011.44.1644.429267 | 1987-08-30 | SA_REP     | 11000.00 |           0.30 |        149 |            80 |
|         175 | Alyssa      | Hutton      | AHUTTON  | 011.44.1644.429266 | 1987-08-31 | SA_REP     |  8800.00 |           0.25 |        149 |            80 |
|         176 | Jonathon    | Taylor      | JTAYLOR  | 011.44.1644.429265 | 1987-09-01 | SA_REP     |  8600.00 |           0.20 |        149 |            80 |
|         177 | Jack        | Livingston  | JLIVINGS | 011.44.1644.429264 | 1987-09-02 | SA_REP     |  8400.00 |           0.20 |        149 |            80 |
|         178 | Kimberely   | Grant       | KGRANT   | 011.44.1644.429263 | 1987-09-03 | SA_REP     |  7000.00 |           0.15 |        149 |             0 |
|         179 | Charles     | Johnson     | CJOHNSON | 011.44.1644.429262 | 1987-09-04 | SA_REP     |  6200.00 |           0.10 |        149 |            80 |
|         180 | Winston     | Taylor      | WTAYLOR  | 650.507.9876       | 1987-09-05 | SH_CLERK   |  3200.00 |           0.00 |        120 |            50 |
|         181 | Jean        | Fleaur      | JFLEAUR  | 650.507.9877       | 1987-09-06 | SH_CLERK   |  3100.00 |           0.00 |        120 |            50 |
|         182 | Martha      | Sullivan    | MSULLIVA | 650.507.9878       | 1987-09-07 | SH_CLERK   |  2500.00 |           0.00 |        120 |            50 |
|         183 | Girard      | Geoni       | GGEONI   | 650.507.9879       | 1987-09-08 | SH_CLERK   |  2800.00 |           0.00 |        120 |            50 |
|         184 | Nandita     | Sarchand    | NSARCHAN | 650.509.1876       | 1987-09-09 | SH_CLERK   |  4200.00 |           0.00 |        121 |            50 |
|         185 | Alexis      | Bull        | ABULL    | 650.509.2876       | 1987-09-10 | SH_CLERK   |  4100.00 |           0.00 |        121 |            50 |
|         186 | Julia       | Dellinger   | JDELLING | 650.509.3876       | 1987-09-11 | SH_CLERK   |  3400.00 |           0.00 |        121 |            50 |
|         187 | Anthony     | Cabrio      | ACABRIO  | 650.509.4876       | 1987-09-12 | SH_CLERK   |  3000.00 |           0.00 |        121 |            50 |
|         188 | Kelly       | Chung       | KCHUNG   | 650.505.1876       | 1987-09-13 | SH_CLERK   |  3800.00 |           0.00 |        122 |            50 |
|         189 | Jennifer    | Dilly       | JDILLY   | 650.505.2876       | 1987-09-14 | SH_CLERK   |  3600.00 |           0.00 |        122 |            50 |
|         190 | Timothy     | Gates       | TGATES   | 650.505.3876       | 1987-09-15 | SH_CLERK   |  2900.00 |           0.00 |        122 |            50 |
|         191 | Randall     | Perkins     | RPERKINS | 650.505.4876       | 1987-09-16 | SH_CLERK   |  2500.00 |           0.00 |        122 |            50 |
|         192 | Sarah       | Bell        | SBELL    | 650.501.1876       | 1987-09-17 | SH_CLERK   |  4000.00 |           0.00 |        123 |            50 |
|         193 | Britney     | Everett     | BEVERETT | 650.501.2876       | 1987-09-18 | SH_CLERK   |  3900.00 |           0.00 |        123 |            50 |
|         194 | Samuel      | McCain      | SMCCAIN  | 650.501.3876       | 1987-09-19 | SH_CLERK   |  3200.00 |           0.00 |        123 |            50 |
|         195 | Vance       | Jones       | VJONES   | 650.501.4876       | 1987-09-20 | SH_CLERK   |  2800.00 |           0.00 |        123 |            50 |
|         196 | Alana       | Walsh       | AWALSH   | 650.507.9811       | 1987-09-21 | SH_CLERK   |  3100.00 |           0.00 |        124 |            50 |
|         197 | Kevin       | Feeney      | KFEENEY  | 650.507.9822       | 1987-09-22 | SH_CLERK   |  3000.00 |           0.00 |        124 |            50 |
|         198 | Donald      | OConnell    | DOCONNEL | 650.507.9833       | 1987-09-23 | SH_CLERK   |  2600.00 |           0.00 |        124 |            50 |
|         199 | Douglas     | Grant       | DGRANT   | 650.507.9844       | 1987-09-24 | SH_CLERK   |  2600.00 |           0.00 |        124 |            50 |
|         200 | Jennifer    | Whalen      | JWHALEN  | 515.123.4444       | 1987-09-25 | AD_ASST    |  4400.00 |           0.00 |        101 |            10 |
|         201 | Michael     | Hartstein   | MHARTSTE | 515.123.5555       | 1987-09-26 | MK_MAN     | 13000.00 |           0.00 |        100 |            20 |
|         202 | Pat         | Fay         | PFAY     | 603.123.6666       | 1987-09-27 | MK_REP     |  6000.00 |           0.00 |        201 |            20 |
|         203 | Susan       | Mavris      | SMAVRIS  | 515.123.7777       | 1987-09-28 | HR_REP     |  6500.00 |           0.00 |        101 |            40 |
|         204 | Hermann     | Baer        | HBAER    | 515.123.8888       | 1987-09-29 | PR_REP     | 10000.00 |           0.00 |        101 |            70 |
|         205 | Shelley     | Higgins     | SHIGGINS | 515.123.8080       | 1987-09-30 | AC_MGR     | 12000.00 |           0.00 |        101 |           110 |
|         206 | William     | Gietz       | WGIETZ   | 515.123.8181       | 1987-10-01 | AC_ACCOUNT |  8300.00 |           0.00 |        205 |           110 |
+-------------+-------------+-------------+----------+--------------------+------------+------------+----------+----------------+------------+---------------+
107 rows in set (0.00 sec)

MariaDB [csd2204w18]> select manager_id from employees;
+------------+
| manager_id |
+------------+
|          0 |
|        100 |
|        100 |
|        100 |
|        100 |
|        100 |
|        100 |
|        100 |
|        100 |
|        100 |
|        100 |
|        100 |
|        100 |
|        100 |
|        100 |
|        101 |
|        101 |
|        101 |
|        101 |
|        101 |
|        102 |
|        103 |
|        103 |
|        103 |
|        103 |
|        108 |
|        108 |
|        108 |
|        108 |
|        108 |
|        114 |
|        114 |
|        114 |
|        114 |
|        114 |
|        120 |
|        120 |
|        120 |
|        120 |
|        120 |
|        120 |
|        120 |
|        120 |
|        121 |
|        121 |
|        121 |
|        121 |
|        121 |
|        121 |
|        121 |
|        121 |
|        122 |
|        122 |
|        122 |
|        122 |
|        122 |
|        122 |
|        122 |
|        122 |
|        123 |
|        123 |
|        123 |
|        123 |
|        123 |
|        123 |
|        123 |
|        123 |
|        124 |
|        124 |
|        124 |
|        124 |
|        124 |
|        124 |
|        124 |
|        124 |
|        145 |
|        145 |
|        145 |
|        145 |
|        145 |
|        145 |
|        146 |
|        146 |
|        146 |
|        146 |
|        146 |
|        146 |
|        147 |
|        147 |
|        147 |
|        147 |
|        147 |
|        147 |
|        148 |
|        148 |
|        148 |
|        148 |
|        148 |
|        148 |
|        149 |
|        149 |
|        149 |
|        149 |
|        149 |
|        149 |
|        201 |
|        205 |
+------------+
107 rows in set (0.00 sec)

MariaDB [csd2204w18]> select distinct manager_id from employees;
+------------+
| manager_id |
+------------+
|          0 |
|        100 |
|        101 |
|        102 |
|        103 |
|        108 |
|        114 |
|        120 |
|        121 |
|        122 |
|        123 |
|        124 |
|        145 |
|        146 |
|        147 |
|        148 |
|        149 |
|        201 |
|        205 |
+------------+
19 rows in set (0.00 sec)

MariaDB [csd2204w18]> Select First_name, Last_name from employees E,
    -> (select distinct manager_id from employees) te
    -> where te.manager_id = E.employee_id;
+------------+-----------+
| First_name | Last_name |
+------------+-----------+
| Steven     | King      |
| Neena      | Kochhar   |
| Lex        | De Haan   |
| Alexander  | Hunold    |
| Nancy      | Greenberg |
| Den        | Raphaely  |
| Matthew    | Weiss     |
| Adam       | Fripp     |
| Payam      | Kaufling  |
| Shanta     | Vollman   |
| Kevin      | Mourgos   |
| John       | Russell   |
| Karen      | Partners  |
| Alberto    | Errazuriz |
| Gerald     | Cambrault |
| Eleni      | Zlotkey   |
| Michael    | Hartstein |
| Shelley    | Higgins   |
+------------+-----------+
18 rows in set (0.00 sec)

MariaDB [csd2204w18]> Select First_name, Last_name, employee_id from employees E,
    -> (select distinct manager_id from employees) te
    -> where te.manager_id = E.employee_id;
+------------+-----------+-------------+
| First_name | Last_name | employee_id |
+------------+-----------+-------------+
| Steven     | King      |         100 |
| Neena      | Kochhar   |         101 |
| Lex        | De Haan   |         102 |
| Alexander  | Hunold    |         103 |
| Nancy      | Greenberg |         108 |
| Den        | Raphaely  |         114 |
| Matthew    | Weiss     |         120 |
| Adam       | Fripp     |         121 |
| Payam      | Kaufling  |         122 |
| Shanta     | Vollman   |         123 |
| Kevin      | Mourgos   |         124 |
| John       | Russell   |         145 |
| Karen      | Partners  |         146 |
| Alberto    | Errazuriz |         147 |
| Gerald     | Cambrault |         148 |
| Eleni      | Zlotkey   |         149 |
| Michael    | Hartstein |         201 |
| Shelley    | Higgins   |         205 |
+------------+-----------+-------------+
18 rows in set (0.02 sec)

MariaDB [csd2204w18]> desc employees;
+----------------+--------------+------+-----+---------+-------+
| Field          | Type         | Null | Key | Default | Extra |
+----------------+--------------+------+-----+---------+-------+
| EMPLOYEE_ID    | decimal(6,0) | NO   | PRI | 0       |       |
| FIRST_NAME     | varchar(20)  | YES  |     | NULL    |       |
| LAST_NAME      | varchar(25)  | NO   | MUL | NULL    |       |
| EMAIL          | varchar(25)  | NO   | UNI | NULL    |       |
| PHONE_NUMBER   | varchar(20)  | YES  |     | NULL    |       |
| HIRE_DATE      | date         | NO   |     | NULL    |       |
| JOB_ID         | varchar(10)  | NO   | MUL | NULL    |       |
| SALARY         | decimal(8,2) | YES  |     | NULL    |       |
| COMMISSION_PCT | decimal(2,2) | YES  |     | NULL    |       |
| MANAGER_ID     | decimal(6,0) | YES  | MUL | NULL    |       |
| DEPARTMENT_ID  | decimal(4,0) | YES  | MUL | NULL    |       |
+----------------+--------------+------+-----+---------+-------+
11 rows in set (0.05 sec)

MariaDB [csd2204w18]> show tables ;
+----------------------+
| Tables_in_csd2204w18 |
+----------------------+
| animals              |
| countries            |
| departments          |
| employees            |
| job_history          |
| jobs                 |
| locations            |
| manu                 |
| pet                  |
| products             |
| regions              |
+----------------------+
11 rows in set (0.00 sec)

MariaDB [csd2204w18]> desc jobs;
+------------+--------------+------+-----+---------+-------+
| Field      | Type         | Null | Key | Default | Extra |
+------------+--------------+------+-----+---------+-------+
| JOB_ID     | varchar(10)  | NO   | PRI |         |       |
| JOB_TITLE  | varchar(35)  | NO   |     | NULL    |       |
| MIN_SALARY | decimal(6,0) | YES  |     | NULL    |       |
| MAX_SALARY | decimal(6,0) | YES  |     | NULL    |       |
+------------+--------------+------+-----+---------+-------+
4 rows in set (0.02 sec)

MariaDB [csd2204w18]> select first_name, last_name, E.Job_ID, J.Job_title from employees E, jobs J where
    -> E.salary  = J.Min_salary;
+-------------+------------+------------+--------------------------------+
| first_name  | last_name  | Job_ID     | Job_title                      |
+-------------+------------+------------+--------------------------------+
| Alexander   | Hunold     | IT_PROG    | Marketing Manager              |
| Bruce       | Ernst      | IT_PROG    | Sales Representative           |
| Diana       | Lorentz    | IT_PROG    | Accountant                     |
| Diana       | Lorentz    | IT_PROG    | Public Accountant              |
| Daniel      | Faviet     | FI_ACCOUNT | Marketing Manager              |
| John        | Chen       | FI_ACCOUNT | Finance Manager                |
| John        | Chen       | FI_ACCOUNT | Accounting Manager             |
| Karen       | Colmenares | PU_CLERK   | Purchasing Clerk               |
| Karen       | Colmenares | PU_CLERK   | Shipping Clerk                 |
| Matthew     | Weiss      | ST_MAN     | Purchasing Manager             |
| Adam        | Fripp      | ST_MAN     | Finance Manager                |
| Adam        | Fripp      | ST_MAN     | Accounting Manager             |
| James       | Marlow     | ST_CLERK   | Purchasing Clerk               |
| James       | Marlow     | ST_CLERK   | Shipping Clerk                 |
| Joshua      | Patel      | ST_CLERK   | Purchasing Clerk               |
| Joshua      | Patel      | ST_CLERK   | Shipping Clerk                 |
| Peter       | Vargas     | ST_CLERK   | Purchasing Clerk               |
| Peter       | Vargas     | ST_CLERK   | Shipping Clerk                 |
| Peter       | Tucker     | SA_REP     | Sales Manager                  |
| Peter       | Hall       | SA_REP     | Marketing Manager              |
| Christopher | Olsen      | SA_REP     | Purchasing Manager             |
| Janette     | King       | SA_REP     | Sales Manager                  |
| Allan       | McEwen     | SA_REP     | Marketing Manager              |
| Lindsey     | Smith      | SA_REP     | Purchasing Manager             |
| Harrison    | Bloom      | SA_REP     | Sales Manager                  |
| Martha      | Sullivan   | SH_CLERK   | Purchasing Clerk               |
| Martha      | Sullivan   | SH_CLERK   | Shipping Clerk                 |
| Nandita     | Sarchand   | SH_CLERK   | Accountant                     |
| Nandita     | Sarchand   | SH_CLERK   | Public Accountant              |
| Anthony     | Cabrio     | SH_CLERK   | Administration Assistant       |
| Randall     | Perkins    | SH_CLERK   | Purchasing Clerk               |
| Randall     | Perkins    | SH_CLERK   | Shipping Clerk                 |
| Sarah       | Bell       | SH_CLERK   | Programmer                     |
| Sarah       | Bell       | SH_CLERK   | Marketing Representative       |
| Sarah       | Bell       | SH_CLERK   | Human Resources Representative |
| Kevin       | Feeney     | SH_CLERK   | Administration Assistant       |
| Pat         | Fay        | MK_REP     | Sales Representative           |
| Hermann     | Baer       | PR_REP     | Sales Manager                  |
+-------------+------------+------------+--------------------------------+
38 rows in set (0.02 sec)

MariaDB [csd2204w18]> select first_name, last_name, E.Job_ID, J.Job_title,E.salary,J.MIN_SALARY from employees E, jobs J where
    -> E.salary  = J.Min_salary;
+-------------+------------+------------+--------------------------------+----------+------------+
| first_name  | last_name  | Job_ID     | Job_title                      | salary   | MIN_SALARY |
+-------------+------------+------------+--------------------------------+----------+------------+
| Alexander   | Hunold     | IT_PROG    | Marketing Manager              |  9000.00 |       9000 |
| Bruce       | Ernst      | IT_PROG    | Sales Representative           |  6000.00 |       6000 |
| Diana       | Lorentz    | IT_PROG    | Accountant                     |  4200.00 |       4200 |
| Diana       | Lorentz    | IT_PROG    | Public Accountant              |  4200.00 |       4200 |
| Daniel      | Faviet     | FI_ACCOUNT | Marketing Manager              |  9000.00 |       9000 |
| John        | Chen       | FI_ACCOUNT | Finance Manager                |  8200.00 |       8200 |
| John        | Chen       | FI_ACCOUNT | Accounting Manager             |  8200.00 |       8200 |
| Karen       | Colmenares | PU_CLERK   | Purchasing Clerk               |  2500.00 |       2500 |
| Karen       | Colmenares | PU_CLERK   | Shipping Clerk                 |  2500.00 |       2500 |
| Matthew     | Weiss      | ST_MAN     | Purchasing Manager             |  8000.00 |       8000 |
| Adam        | Fripp      | ST_MAN     | Finance Manager                |  8200.00 |       8200 |
| Adam        | Fripp      | ST_MAN     | Accounting Manager             |  8200.00 |       8200 |
| James       | Marlow     | ST_CLERK   | Purchasing Clerk               |  2500.00 |       2500 |
| James       | Marlow     | ST_CLERK   | Shipping Clerk                 |  2500.00 |       2500 |
| Joshua      | Patel      | ST_CLERK   | Purchasing Clerk               |  2500.00 |       2500 |
| Joshua      | Patel      | ST_CLERK   | Shipping Clerk                 |  2500.00 |       2500 |
| Peter       | Vargas     | ST_CLERK   | Purchasing Clerk               |  2500.00 |       2500 |
| Peter       | Vargas     | ST_CLERK   | Shipping Clerk                 |  2500.00 |       2500 |
| Peter       | Tucker     | SA_REP     | Sales Manager                  | 10000.00 |      10000 |
| Peter       | Hall       | SA_REP     | Marketing Manager              |  9000.00 |       9000 |
| Christopher | Olsen      | SA_REP     | Purchasing Manager             |  8000.00 |       8000 |
| Janette     | King       | SA_REP     | Sales Manager                  | 10000.00 |      10000 |
| Allan       | McEwen     | SA_REP     | Marketing Manager              |  9000.00 |       9000 |
| Lindsey     | Smith      | SA_REP     | Purchasing Manager             |  8000.00 |       8000 |
| Harrison    | Bloom      | SA_REP     | Sales Manager                  | 10000.00 |      10000 |
| Martha      | Sullivan   | SH_CLERK   | Purchasing Clerk               |  2500.00 |       2500 |
| Martha      | Sullivan   | SH_CLERK   | Shipping Clerk                 |  2500.00 |       2500 |
| Nandita     | Sarchand   | SH_CLERK   | Accountant                     |  4200.00 |       4200 |
| Nandita     | Sarchand   | SH_CLERK   | Public Accountant              |  4200.00 |       4200 |
| Anthony     | Cabrio     | SH_CLERK   | Administration Assistant       |  3000.00 |       3000 |
| Randall     | Perkins    | SH_CLERK   | Purchasing Clerk               |  2500.00 |       2500 |
| Randall     | Perkins    | SH_CLERK   | Shipping Clerk                 |  2500.00 |       2500 |
| Sarah       | Bell       | SH_CLERK   | Programmer                     |  4000.00 |       4000 |
| Sarah       | Bell       | SH_CLERK   | Marketing Representative       |  4000.00 |       4000 |
| Sarah       | Bell       | SH_CLERK   | Human Resources Representative |  4000.00 |       4000 |
| Kevin       | Feeney     | SH_CLERK   | Administration Assistant       |  3000.00 |       3000 |
| Pat         | Fay        | MK_REP     | Sales Representative           |  6000.00 |       6000 |
| Hermann     | Baer       | PR_REP     | Sales Manager                  | 10000.00 |      10000 |
+-------------+------------+------------+--------------------------------+----------+------------+
38 rows in set (0.00 sec)

MariaDB [csd2204w18]> select first_name, last_name, E.Job_ID, J.Job_title from employees E, jobs J where
    -> E.job_id = J.job_id;
+-------------+-------------+------------+---------------------------------+
| first_name  | last_name   | Job_ID     | Job_title                       |
+-------------+-------------+------------+---------------------------------+
| Steven      | King        | AD_PRES    | President                       |
| Neena       | Kochhar     | AD_VP      | Administration Vice President   |
| Lex         | De Haan     | AD_VP      | Administration Vice President   |
| Alexander   | Hunold      | IT_PROG    | Programmer                      |
| Bruce       | Ernst       | IT_PROG    | Programmer                      |
| David       | Austin      | IT_PROG    | Programmer                      |
| Valli       | Pataballa   | IT_PROG    | Programmer                      |
| Diana       | Lorentz     | IT_PROG    | Programmer                      |
| Nancy       | Greenberg   | FI_MGR     | Finance Manager                 |
| Daniel      | Faviet      | FI_ACCOUNT | Accountant                      |
| John        | Chen        | FI_ACCOUNT | Accountant                      |
| Ismael      | Sciarra     | FI_ACCOUNT | Accountant                      |
| Jose Manuel | Urman       | FI_ACCOUNT | Accountant                      |
| Luis        | Popp        | FI_ACCOUNT | Accountant                      |
| Den         | Raphaely    | PU_MAN     | Purchasing Manager              |
| Alexander   | Khoo        | PU_CLERK   | Purchasing Clerk                |
| Shelli      | Baida       | PU_CLERK   | Purchasing Clerk                |
| Sigal       | Tobias      | PU_CLERK   | Purchasing Clerk                |
| Guy         | Himuro      | PU_CLERK   | Purchasing Clerk                |
| Karen       | Colmenares  | PU_CLERK   | Purchasing Clerk                |
| Matthew     | Weiss       | ST_MAN     | Stock Manager                   |
| Adam        | Fripp       | ST_MAN     | Stock Manager                   |
| Payam       | Kaufling    | ST_MAN     | Stock Manager                   |
| Shanta      | Vollman     | ST_MAN     | Stock Manager                   |
| Kevin       | Mourgos     | ST_MAN     | Stock Manager                   |
| Julia       | Nayer       | ST_CLERK   | Stock Clerk                     |
| Irene       | Mikkilineni | ST_CLERK   | Stock Clerk                     |
| James       | Landry      | ST_CLERK   | Stock Clerk                     |
| Steven      | Markle      | ST_CLERK   | Stock Clerk                     |
| Laura       | Bissot      | ST_CLERK   | Stock Clerk                     |
| Mozhe       | Atkinson    | ST_CLERK   | Stock Clerk                     |
| James       | Marlow      | ST_CLERK   | Stock Clerk                     |
| TJ          | Olson       | ST_CLERK   | Stock Clerk                     |
| Jason       | Mallin      | ST_CLERK   | Stock Clerk                     |
| Michael     | Rogers      | ST_CLERK   | Stock Clerk                     |
| Ki          | Gee         | ST_CLERK   | Stock Clerk                     |
| Hazel       | Philtanker  | ST_CLERK   | Stock Clerk                     |
| Renske      | Ladwig      | ST_CLERK   | Stock Clerk                     |
| Stephen     | Stiles      | ST_CLERK   | Stock Clerk                     |
| John        | Seo         | ST_CLERK   | Stock Clerk                     |
| Joshua      | Patel       | ST_CLERK   | Stock Clerk                     |
| Trenna      | Rajs        | ST_CLERK   | Stock Clerk                     |
| Curtis      | Davies      | ST_CLERK   | Stock Clerk                     |
| Randall     | Matos       | ST_CLERK   | Stock Clerk                     |
| Peter       | Vargas      | ST_CLERK   | Stock Clerk                     |
| John        | Russell     | SA_MAN     | Sales Manager                   |
| Karen       | Partners    | SA_MAN     | Sales Manager                   |
| Alberto     | Errazuriz   | SA_MAN     | Sales Manager                   |
| Gerald      | Cambrault   | SA_MAN     | Sales Manager                   |
| Eleni       | Zlotkey     | SA_MAN     | Sales Manager                   |
| Peter       | Tucker      | SA_REP     | Sales Representative            |
| David       | Bernstein   | SA_REP     | Sales Representative            |
| Peter       | Hall        | SA_REP     | Sales Representative            |
| Christopher | Olsen       | SA_REP     | Sales Representative            |
| Nanette     | Cambrault   | SA_REP     | Sales Representative            |
| Oliver      | Tuvault     | SA_REP     | Sales Representative            |
| Janette     | King        | SA_REP     | Sales Representative            |
| Patrick     | Sully       | SA_REP     | Sales Representative            |
| Allan       | McEwen      | SA_REP     | Sales Representative            |
| Lindsey     | Smith       | SA_REP     | Sales Representative            |
| Louise      | Doran       | SA_REP     | Sales Representative            |
| Sarath      | Sewall      | SA_REP     | Sales Representative            |
| Clara       | Vishney     | SA_REP     | Sales Representative            |
| Danielle    | Greene      | SA_REP     | Sales Representative            |
| Mattea      | Marvins     | SA_REP     | Sales Representative            |
| David       | Lee         | SA_REP     | Sales Representative            |
| Sundar      | Ande        | SA_REP     | Sales Representative            |
| Amit        | Banda       | SA_REP     | Sales Representative            |
| Lisa        | Ozer        | SA_REP     | Sales Representative            |
| Harrison    | Bloom       | SA_REP     | Sales Representative            |
| Tayler      | Fox         | SA_REP     | Sales Representative            |
| William     | Smith       | SA_REP     | Sales Representative            |
| Elizabeth   | Bates       | SA_REP     | Sales Representative            |
| Sundita     | Kumar       | SA_REP     | Sales Representative            |
| Ellen       | Abel        | SA_REP     | Sales Representative            |
| Alyssa      | Hutton      | SA_REP     | Sales Representative            |
| Jonathon    | Taylor      | SA_REP     | Sales Representative            |
| Jack        | Livingston  | SA_REP     | Sales Representative            |
| Kimberely   | Grant       | SA_REP     | Sales Representative            |
| Charles     | Johnson     | SA_REP     | Sales Representative            |
| Winston     | Taylor      | SH_CLERK   | Shipping Clerk                  |
| Jean        | Fleaur      | SH_CLERK   | Shipping Clerk                  |
| Martha      | Sullivan    | SH_CLERK   | Shipping Clerk                  |
| Girard      | Geoni       | SH_CLERK   | Shipping Clerk                  |
| Nandita     | Sarchand    | SH_CLERK   | Shipping Clerk                  |
| Alexis      | Bull        | SH_CLERK   | Shipping Clerk                  |
| Julia       | Dellinger   | SH_CLERK   | Shipping Clerk                  |
| Anthony     | Cabrio      | SH_CLERK   | Shipping Clerk                  |
| Kelly       | Chung       | SH_CLERK   | Shipping Clerk                  |
| Jennifer    | Dilly       | SH_CLERK   | Shipping Clerk                  |
| Timothy     | Gates       | SH_CLERK   | Shipping Clerk                  |
| Randall     | Perkins     | SH_CLERK   | Shipping Clerk                  |
| Sarah       | Bell        | SH_CLERK   | Shipping Clerk                  |
| Britney     | Everett     | SH_CLERK   | Shipping Clerk                  |
| Samuel      | McCain      | SH_CLERK   | Shipping Clerk                  |
| Vance       | Jones       | SH_CLERK   | Shipping Clerk                  |
| Alana       | Walsh       | SH_CLERK   | Shipping Clerk                  |
| Kevin       | Feeney      | SH_CLERK   | Shipping Clerk                  |
| Donald      | OConnell    | SH_CLERK   | Shipping Clerk                  |
| Douglas     | Grant       | SH_CLERK   | Shipping Clerk                  |
| Jennifer    | Whalen      | AD_ASST    | Administration Assistant        |
| Michael     | Hartstein   | MK_MAN     | Marketing Manager               |
| Pat         | Fay         | MK_REP     | Marketing Representative        |
| Susan       | Mavris      | HR_REP     | Human Resources Representative  |
| Hermann     | Baer        | PR_REP     | Public Relations Representative |
| Shelley     | Higgins     | AC_MGR     | Accounting Manager              |
| William     | Gietz       | AC_ACCOUNT | Public Accountant               |
+-------------+-------------+------------+---------------------------------+
107 rows in set (0.00 sec)

MariaDB [csd2204w18]> select Job_id from jobs;
+------------+
| Job_id     |
+------------+
| AC_ACCOUNT |
| AC_MGR     |
| AD_ASST    |
| AD_PRES    |
| AD_VP      |
| FI_ACCOUNT |
| FI_MGR     |
| HR_REP     |
| IT_PROG    |
| MK_MAN     |
| MK_REP     |
| PR_REP     |
| PU_CLERK   |
| PU_MAN     |
| SA_MAN     |
| SA_REP     |
| SH_CLERK   |
| ST_CLERK   |
| ST_MAN     |
+------------+
19 rows in set (0.00 sec)

MariaDB [csd2204w18]> select first_name, last_name,salary from employees where salary = ( select min_salary from jobs where employees.job_id = jobs_id);
ERROR 1054 (42S22): Unknown column 'jobs_id' in 'where clause'
MariaDB [csd2204w18]> select first_name, last_name,salary from employees where salary = ( select min_salary from jobs where employees.job_id = job_id);
+------------+------------+---------+
| first_name | last_name  | salary  |
+------------+------------+---------+
| Karen      | Colmenares | 2500.00 |
| Martha     | Sullivan   | 2500.00 |
| Randall    | Perkins    | 2500.00 |
+------------+------------+---------+
3 rows in set (0.03 sec)

MariaDB [csd2204w18]> desc jobs;
+------------+--------------+------+-----+---------+-------+
| Field      | Type         | Null | Key | Default | Extra |
+------------+--------------+------+-----+---------+-------+
| JOB_ID     | varchar(10)  | NO   | PRI |         |       |
| JOB_TITLE  | varchar(35)  | NO   |     | NULL    |       |
| MIN_SALARY | decimal(6,0) | YES  |     | NULL    |       |
| MAX_SALARY | decimal(6,0) | YES  |     | NULL    |       |
+------------+--------------+------+-----+---------+-------+
4 rows in set (0.01 sec)

MariaDB [csd2204w18]> desc department
    -> ;
ERROR 1146 (42S02): Table 'csd2204w18.department' doesn't exist
MariaDB [csd2204w18]> desc departments;
+-----------------+--------------+------+-----+---------+-------+
| Field           | Type         | Null | Key | Default | Extra |
+-----------------+--------------+------+-----+---------+-------+
| DEPARTMENT_ID   | decimal(4,0) | NO   | PRI | 0       |       |
| DEPARTMENT_NAME | varchar(30)  | NO   |     | NULL    |       |
| MANAGER_ID      | decimal(6,0) | YES  | MUL | NULL    |       |
| LOCATION_ID     | decimal(4,0) | YES  | MUL | NULL    |       |
+-----------------+--------------+------+-----+---------+-------+
4 rows in set (0.00 sec)

MariaDB [csd2204w18]> desc employee;
ERROR 1146 (42S02): Table 'csd2204w18.employee' doesn't exist
MariaDB [csd2204w18]> desc employees;;
+----------------+--------------+------+-----+---------+-------+
| Field          | Type         | Null | Key | Default | Extra |
+----------------+--------------+------+-----+---------+-------+
| EMPLOYEE_ID    | decimal(6,0) | NO   | PRI | 0       |       |
| FIRST_NAME     | varchar(20)  | YES  |     | NULL    |       |
| LAST_NAME      | varchar(25)  | NO   | MUL | NULL    |       |
| EMAIL          | varchar(25)  | NO   | UNI | NULL    |       |
| PHONE_NUMBER   | varchar(20)  | YES  |     | NULL    |       |
| HIRE_DATE      | date         | NO   |     | NULL    |       |
| JOB_ID         | varchar(10)  | NO   | MUL | NULL    |       |
| SALARY         | decimal(8,2) | YES  |     | NULL    |       |
| COMMISSION_PCT | decimal(2,2) | YES  |     | NULL    |       |
| MANAGER_ID     | decimal(6,0) | YES  | MUL | NULL    |       |
| DEPARTMENT_ID  | decimal(4,0) | YES  | MUL | NULL    |       |
+----------------+--------------+------+-----+---------+-------+
11 rows in set (0.00 sec)

ERROR: No query specified

MariaDB [csd2204w18]> select Employee_id, first_name, last_name,E.Department_id as e_dept_id, D.Department_id as D_dept_id from employees E,departments D
    -> where E.department_id = D.department_id;
+-------------+-------------+-------------+-----------+-----------+
| Employee_id | first_name  | last_name   | e_dept_id | D_dept_id |
+-------------+-------------+-------------+-----------+-----------+
|         100 | Steven      | King        |        90 |        90 |
|         101 | Neena       | Kochhar     |        90 |        90 |
|         102 | Lex         | De Haan     |        90 |        90 |
|         103 | Alexander   | Hunold      |        60 |        60 |
|         104 | Bruce       | Ernst       |        60 |        60 |
|         105 | David       | Austin      |        60 |        60 |
|         106 | Valli       | Pataballa   |        60 |        60 |
|         107 | Diana       | Lorentz     |        60 |        60 |
|         108 | Nancy       | Greenberg   |       100 |       100 |
|         109 | Daniel      | Faviet      |       100 |       100 |
|         110 | John        | Chen        |       100 |       100 |
|         111 | Ismael      | Sciarra     |       100 |       100 |
|         112 | Jose Manuel | Urman       |       100 |       100 |
|         113 | Luis        | Popp        |       100 |       100 |
|         114 | Den         | Raphaely    |        30 |        30 |
|         115 | Alexander   | Khoo        |        30 |        30 |
|         116 | Shelli      | Baida       |        30 |        30 |
|         117 | Sigal       | Tobias      |        30 |        30 |
|         118 | Guy         | Himuro      |        30 |        30 |
|         119 | Karen       | Colmenares  |        30 |        30 |
|         120 | Matthew     | Weiss       |        50 |        50 |
|         121 | Adam        | Fripp       |        50 |        50 |
|         122 | Payam       | Kaufling    |        50 |        50 |
|         123 | Shanta      | Vollman     |        50 |        50 |
|         124 | Kevin       | Mourgos     |        50 |        50 |
|         125 | Julia       | Nayer       |        50 |        50 |
|         126 | Irene       | Mikkilineni |        50 |        50 |
|         127 | James       | Landry      |        50 |        50 |
|         128 | Steven      | Markle      |        50 |        50 |
|         129 | Laura       | Bissot      |        50 |        50 |
|         130 | Mozhe       | Atkinson    |        50 |        50 |
|         131 | James       | Marlow      |        50 |        50 |
|         132 | TJ          | Olson       |        50 |        50 |
|         133 | Jason       | Mallin      |        50 |        50 |
|         134 | Michael     | Rogers      |        50 |        50 |
|         135 | Ki          | Gee         |        50 |        50 |
|         136 | Hazel       | Philtanker  |        50 |        50 |
|         137 | Renske      | Ladwig      |        50 |        50 |
|         138 | Stephen     | Stiles      |        50 |        50 |
|         139 | John        | Seo         |        50 |        50 |
|         140 | Joshua      | Patel       |        50 |        50 |
|         141 | Trenna      | Rajs        |        50 |        50 |
|         142 | Curtis      | Davies      |        50 |        50 |
|         143 | Randall     | Matos       |        50 |        50 |
|         144 | Peter       | Vargas      |        50 |        50 |
|         145 | John        | Russell     |        80 |        80 |
|         146 | Karen       | Partners    |        80 |        80 |
|         147 | Alberto     | Errazuriz   |        80 |        80 |
|         148 | Gerald      | Cambrault   |        80 |        80 |
|         149 | Eleni       | Zlotkey     |        80 |        80 |
|         150 | Peter       | Tucker      |        80 |        80 |
|         151 | David       | Bernstein   |        80 |        80 |
|         152 | Peter       | Hall        |        80 |        80 |
|         153 | Christopher | Olsen       |        80 |        80 |
|         154 | Nanette     | Cambrault   |        80 |        80 |
|         155 | Oliver      | Tuvault     |        80 |        80 |
|         156 | Janette     | King        |        80 |        80 |
|         157 | Patrick     | Sully       |        80 |        80 |
|         158 | Allan       | McEwen      |        80 |        80 |
|         159 | Lindsey     | Smith       |        80 |        80 |
|         160 | Louise      | Doran       |        80 |        80 |
|         161 | Sarath      | Sewall      |        80 |        80 |
|         162 | Clara       | Vishney     |        80 |        80 |
|         163 | Danielle    | Greene      |        80 |        80 |
|         164 | Mattea      | Marvins     |        80 |        80 |
|         165 | David       | Lee         |        80 |        80 |
|         166 | Sundar      | Ande        |        80 |        80 |
|         167 | Amit        | Banda       |        80 |        80 |
|         168 | Lisa        | Ozer        |        80 |        80 |
|         169 | Harrison    | Bloom       |        80 |        80 |
|         170 | Tayler      | Fox         |        80 |        80 |
|         171 | William     | Smith       |        80 |        80 |
|         172 | Elizabeth   | Bates       |        80 |        80 |
|         173 | Sundita     | Kumar       |        80 |        80 |
|         174 | Ellen       | Abel        |        80 |        80 |
|         175 | Alyssa      | Hutton      |        80 |        80 |
|         176 | Jonathon    | Taylor      |        80 |        80 |
|         177 | Jack        | Livingston  |        80 |        80 |
|         179 | Charles     | Johnson     |        80 |        80 |
|         180 | Winston     | Taylor      |        50 |        50 |
|         181 | Jean        | Fleaur      |        50 |        50 |
|         182 | Martha      | Sullivan    |        50 |        50 |
|         183 | Girard      | Geoni       |        50 |        50 |
|         184 | Nandita     | Sarchand    |        50 |        50 |
|         185 | Alexis      | Bull        |        50 |        50 |
|         186 | Julia       | Dellinger   |        50 |        50 |
|         187 | Anthony     | Cabrio      |        50 |        50 |
|         188 | Kelly       | Chung       |        50 |        50 |
|         189 | Jennifer    | Dilly       |        50 |        50 |
|         190 | Timothy     | Gates       |        50 |        50 |
|         191 | Randall     | Perkins     |        50 |        50 |
|         192 | Sarah       | Bell        |        50 |        50 |
|         193 | Britney     | Everett     |        50 |        50 |
|         194 | Samuel      | McCain      |        50 |        50 |
|         195 | Vance       | Jones       |        50 |        50 |
|         196 | Alana       | Walsh       |        50 |        50 |
|         197 | Kevin       | Feeney      |        50 |        50 |
|         198 | Donald      | OConnell    |        50 |        50 |
|         199 | Douglas     | Grant       |        50 |        50 |
|         200 | Jennifer    | Whalen      |        10 |        10 |
|         201 | Michael     | Hartstein   |        20 |        20 |
|         202 | Pat         | Fay         |        20 |        20 |
|         203 | Susan       | Mavris      |        40 |        40 |
|         204 | Hermann     | Baer        |        70 |        70 |
|         205 | Shelley     | Higgins     |       110 |       110 |
|         206 | William     | Gietz       |       110 |       110 |
+-------------+-------------+-------------+-----------+-----------+
106 rows in set (0.05 sec)

MariaDB [csd2204w18]> select Employee_id, first_name, last_name,E.Department_id as e_dept_id, D.Department_id as D_dept_id , D.department_name from employees E,departments D
    -> where E.department_id = D.department_id;
+-------------+-------------+-------------+-----------+-----------+------------------+
| Employee_id | first_name  | last_name   | e_dept_id | D_dept_id | department_name  |
+-------------+-------------+-------------+-----------+-----------+------------------+
|         100 | Steven      | King        |        90 |        90 | Executive        |
|         101 | Neena       | Kochhar     |        90 |        90 | Executive        |
|         102 | Lex         | De Haan     |        90 |        90 | Executive        |
|         103 | Alexander   | Hunold      |        60 |        60 | IT               |
|         104 | Bruce       | Ernst       |        60 |        60 | IT               |
|         105 | David       | Austin      |        60 |        60 | IT               |
|         106 | Valli       | Pataballa   |        60 |        60 | IT               |
|         107 | Diana       | Lorentz     |        60 |        60 | IT               |
|         108 | Nancy       | Greenberg   |       100 |       100 | Finance          |
|         109 | Daniel      | Faviet      |       100 |       100 | Finance          |
|         110 | John        | Chen        |       100 |       100 | Finance          |
|         111 | Ismael      | Sciarra     |       100 |       100 | Finance          |
|         112 | Jose Manuel | Urman       |       100 |       100 | Finance          |
|         113 | Luis        | Popp        |       100 |       100 | Finance          |
|         114 | Den         | Raphaely    |        30 |        30 | Purchasing       |
|         115 | Alexander   | Khoo        |        30 |        30 | Purchasing       |
|         116 | Shelli      | Baida       |        30 |        30 | Purchasing       |
|         117 | Sigal       | Tobias      |        30 |        30 | Purchasing       |
|         118 | Guy         | Himuro      |        30 |        30 | Purchasing       |
|         119 | Karen       | Colmenares  |        30 |        30 | Purchasing       |
|         120 | Matthew     | Weiss       |        50 |        50 | Shipping         |
|         121 | Adam        | Fripp       |        50 |        50 | Shipping         |
|         122 | Payam       | Kaufling    |        50 |        50 | Shipping         |
|         123 | Shanta      | Vollman     |        50 |        50 | Shipping         |
|         124 | Kevin       | Mourgos     |        50 |        50 | Shipping         |
|         125 | Julia       | Nayer       |        50 |        50 | Shipping         |
|         126 | Irene       | Mikkilineni |        50 |        50 | Shipping         |
|         127 | James       | Landry      |        50 |        50 | Shipping         |
|         128 | Steven      | Markle      |        50 |        50 | Shipping         |
|         129 | Laura       | Bissot      |        50 |        50 | Shipping         |
|         130 | Mozhe       | Atkinson    |        50 |        50 | Shipping         |
|         131 | James       | Marlow      |        50 |        50 | Shipping         |
|         132 | TJ          | Olson       |        50 |        50 | Shipping         |
|         133 | Jason       | Mallin      |        50 |        50 | Shipping         |
|         134 | Michael     | Rogers      |        50 |        50 | Shipping         |
|         135 | Ki          | Gee         |        50 |        50 | Shipping         |
|         136 | Hazel       | Philtanker  |        50 |        50 | Shipping         |
|         137 | Renske      | Ladwig      |        50 |        50 | Shipping         |
|         138 | Stephen     | Stiles      |        50 |        50 | Shipping         |
|         139 | John        | Seo         |        50 |        50 | Shipping         |
|         140 | Joshua      | Patel       |        50 |        50 | Shipping         |
|         141 | Trenna      | Rajs        |        50 |        50 | Shipping         |
|         142 | Curtis      | Davies      |        50 |        50 | Shipping         |
|         143 | Randall     | Matos       |        50 |        50 | Shipping         |
|         144 | Peter       | Vargas      |        50 |        50 | Shipping         |
|         145 | John        | Russell     |        80 |        80 | Sales            |
|         146 | Karen       | Partners    |        80 |        80 | Sales            |
|         147 | Alberto     | Errazuriz   |        80 |        80 | Sales            |
|         148 | Gerald      | Cambrault   |        80 |        80 | Sales            |
|         149 | Eleni       | Zlotkey     |        80 |        80 | Sales            |
|         150 | Peter       | Tucker      |        80 |        80 | Sales            |
|         151 | David       | Bernstein   |        80 |        80 | Sales            |
|         152 | Peter       | Hall        |        80 |        80 | Sales            |
|         153 | Christopher | Olsen       |        80 |        80 | Sales            |
|         154 | Nanette     | Cambrault   |        80 |        80 | Sales            |
|         155 | Oliver      | Tuvault     |        80 |        80 | Sales            |
|         156 | Janette     | King        |        80 |        80 | Sales            |
|         157 | Patrick     | Sully       |        80 |        80 | Sales            |
|         158 | Allan       | McEwen      |        80 |        80 | Sales            |
|         159 | Lindsey     | Smith       |        80 |        80 | Sales            |
|         160 | Louise      | Doran       |        80 |        80 | Sales            |
|         161 | Sarath      | Sewall      |        80 |        80 | Sales            |
|         162 | Clara       | Vishney     |        80 |        80 | Sales            |
|         163 | Danielle    | Greene      |        80 |        80 | Sales            |
|         164 | Mattea      | Marvins     |        80 |        80 | Sales            |
|         165 | David       | Lee         |        80 |        80 | Sales            |
|         166 | Sundar      | Ande        |        80 |        80 | Sales            |
|         167 | Amit        | Banda       |        80 |        80 | Sales            |
|         168 | Lisa        | Ozer        |        80 |        80 | Sales            |
|         169 | Harrison    | Bloom       |        80 |        80 | Sales            |
|         170 | Tayler      | Fox         |        80 |        80 | Sales            |
|         171 | William     | Smith       |        80 |        80 | Sales            |
|         172 | Elizabeth   | Bates       |        80 |        80 | Sales            |
|         173 | Sundita     | Kumar       |        80 |        80 | Sales            |
|         174 | Ellen       | Abel        |        80 |        80 | Sales            |
|         175 | Alyssa      | Hutton      |        80 |        80 | Sales            |
|         176 | Jonathon    | Taylor      |        80 |        80 | Sales            |
|         177 | Jack        | Livingston  |        80 |        80 | Sales            |
|         179 | Charles     | Johnson     |        80 |        80 | Sales            |
|         180 | Winston     | Taylor      |        50 |        50 | Shipping         |
|         181 | Jean        | Fleaur      |        50 |        50 | Shipping         |
|         182 | Martha      | Sullivan    |        50 |        50 | Shipping         |
|         183 | Girard      | Geoni       |        50 |        50 | Shipping         |
|         184 | Nandita     | Sarchand    |        50 |        50 | Shipping         |
|         185 | Alexis      | Bull        |        50 |        50 | Shipping         |
|         186 | Julia       | Dellinger   |        50 |        50 | Shipping         |
|         187 | Anthony     | Cabrio      |        50 |        50 | Shipping         |
|         188 | Kelly       | Chung       |        50 |        50 | Shipping         |
|         189 | Jennifer    | Dilly       |        50 |        50 | Shipping         |
|         190 | Timothy     | Gates       |        50 |        50 | Shipping         |
|         191 | Randall     | Perkins     |        50 |        50 | Shipping         |
|         192 | Sarah       | Bell        |        50 |        50 | Shipping         |
|         193 | Britney     | Everett     |        50 |        50 | Shipping         |
|         194 | Samuel      | McCain      |        50 |        50 | Shipping         |
|         195 | Vance       | Jones       |        50 |        50 | Shipping         |
|         196 | Alana       | Walsh       |        50 |        50 | Shipping         |
|         197 | Kevin       | Feeney      |        50 |        50 | Shipping         |
|         198 | Donald      | OConnell    |        50 |        50 | Shipping         |
|         199 | Douglas     | Grant       |        50 |        50 | Shipping         |
|         200 | Jennifer    | Whalen      |        10 |        10 | Administration   |
|         201 | Michael     | Hartstein   |        20 |        20 | Marketing        |
|         202 | Pat         | Fay         |        20 |        20 | Marketing        |
|         203 | Susan       | Mavris      |        40 |        40 | Human Resources  |
|         204 | Hermann     | Baer        |        70 |        70 | Public Relations |
|         205 | Shelley     | Higgins     |       110 |       110 | Accounting       |
|         206 | William     | Gietz       |       110 |       110 | Accounting       |
+-------------+-------------+-------------+-----------+-----------+------------------+
106 rows in set (0.00 sec)

MariaDB [csd2204w18]> select Employee_id, first_name, last_name,E.Department_id as e_dept_id, D.Department_id as D_dept_id from employees E,departments D
    -> where E.department_id = D.department_id and D.department_name ='IT';
+-------------+------------+-----------+-----------+-----------+
| Employee_id | first_name | last_name | e_dept_id | D_dept_id |
+-------------+------------+-----------+-----------+-----------+
|         103 | Alexander  | Hunold    |        60 |        60 |
|         104 | Bruce      | Ernst     |        60 |        60 |
|         105 | David      | Austin    |        60 |        60 |
|         106 | Valli      | Pataballa |        60 |        60 |
|         107 | Diana      | Lorentz   |        60 |        60 |
+-------------+------------+-----------+-----------+-----------+
5 rows in set (0.01 sec)

MariaDB [csd2204w18]> select Employee_id, first_name, last_name,E.Department_id as e_dept_id, D.Department_id as D_dept_id , D.department_name from employees E,departments D
    -> where E.department_id = D.department_id and D.department_name ='IT';
+-------------+------------+-----------+-----------+-----------+-----------------+
| Employee_id | first_name | last_name | e_dept_id | D_dept_id | department_name |
+-------------+------------+-----------+-----------+-----------+-----------------+
|         103 | Alexander  | Hunold    |        60 |        60 | IT              |
|         104 | Bruce      | Ernst     |        60 |        60 | IT              |
|         105 | David      | Austin    |        60 |        60 | IT              |
|         106 | Valli      | Pataballa |        60 |        60 | IT              |
|         107 | Diana      | Lorentz   |        60 |        60 | IT              |
+-------------+------------+-----------+-----------+-----------+-----------------+
5 rows in set (0.00 sec)

MariaDB [csd2204w18]> select Employee_id, first_name, last_name,E.Department_id as e_dept_id, D.Department_id as D_dept_id , D.department_name,E.salary from employees E,departments D
    -> where E.department_id = D.department_id and D.department_name ='IT';
+-------------+------------+-----------+-----------+-----------+-----------------+---------+
| Employee_id | first_name | last_name | e_dept_id | D_dept_id | department_name | salary  |
+-------------+------------+-----------+-----------+-----------+-----------------+---------+
|         103 | Alexander  | Hunold    |        60 |        60 | IT              | 9000.00 |
|         104 | Bruce      | Ernst     |        60 |        60 | IT              | 6000.00 |
|         105 | David      | Austin    |        60 |        60 | IT              | 4800.00 |
|         106 | Valli      | Pataballa |        60 |        60 | IT              | 4800.00 |
|         107 | Diana      | Lorentz   |        60 |        60 | IT              | 4200.00 |
+-------------+------------+-----------+-----------+-----------+-----------------+---------+
5 rows in set (0.00 sec)

MariaDB [csd2204w18]> select Employee_id, first_name, last_name,E.Department_id as e_dept_id, D.Department_id as D_dept_id , D.department_name,E.salary ,avg(E.salary) from employees E,departments D
    -> where E.department_id = D.department_id and D.department_name ='IT';
+-------------+------------+-----------+-----------+-----------+-----------------+---------+---------------+
| Employee_id | first_name | last_name | e_dept_id | D_dept_id | department_name | salary  | avg(E.salary) |
+-------------+------------+-----------+-----------+-----------+-----------------+---------+---------------+
|         103 | Alexander  | Hunold    |        60 |        60 | IT              | 9000.00 |   5760.000000 |
+-------------+------------+-----------+-----------+-----------+-----------------+---------+---------------+
1 row in set (0.03 sec)

MariaDB [csd2204w18]> select Employee_id, first_name, last_name,E.Department_id as e_dept_id, D.Department_id as D_dept_id , D.department_name,E.salary ,avg(E.salary) from employees E,departments D
    -> where E.department_id = D.department_id and D.department_name ='IT' and E.salary > avg(E.salary);
ERROR 1111 (HY000): Invalid use of group function
MariaDB [csd2204w18]> select Employee_id, first_name, last_name,E.Department_id as e_dept_id, D.Department_id as D_dept_id , D.department_name,E.salary from employees E,departments D
    -> where E.department_id = D.department_id and D.department_name ='IT' and E.salary > avg(E.salary);
ERROR 1111 (HY000): Invalid use of group function
MariaDB [csd2204w18]> select Employee_id, first_name, last_name,E.Department_id as e_dept_id, D.Department_id as D_dept_id , D.department_name,E.salary from employees E,departments D
    -> where E.department_id = D.department_id and D.department_name ='IT' ;
+-------------+------------+-----------+-----------+-----------+-----------------+---------+
| Employee_id | first_name | last_name | e_dept_id | D_dept_id | department_name | salary  |
+-------------+------------+-----------+-----------+-----------+-----------------+---------+
|         103 | Alexander  | Hunold    |        60 |        60 | IT              | 9000.00 |
|         104 | Bruce      | Ernst     |        60 |        60 | IT              | 6000.00 |
|         105 | David      | Austin    |        60 |        60 | IT              | 4800.00 |
|         106 | Valli      | Pataballa |        60 |        60 | IT              | 4800.00 |
|         107 | Diana      | Lorentz   |        60 |        60 | IT              | 4200.00 |
+-------------+------------+-----------+-----------+-----------+-----------------+---------+
5 rows in set (0.00 sec)

MariaDB [csd2204w18]> select Employee_id, first_name, last_name, e_dept_id,  D_dept_id , department_name,salary
    -> from ( select Employee_id, first_name, last_name,E.Department_id as e_dept_id, D.Department_id as D_dept_id , D.department_name,E.salary from employees E,departments D where E.department_id = D.department_id and D.department_name ='IT') je where je.salary > avg (je.salary);
ERROR 1111 (HY000): Invalid use of group function
MariaDB [csd2204w18]> select Employee_id, first_name, last_name, e_dept_id,  D_dept_id , department_name,salary
    -> from ( select Employee_id, first_name, last_name,E.Department_id as e_dept_id, D.Department_id as D_dept_id , D.department_name,E.salary from employees E,departments D where E.department_id = D.department_id and D.department_name ='IT') je where je.salary > avg(je.salary);
ERROR 1111 (HY000): Invalid use of group function
MariaDB [csd2204w18]> select Employee_id, first_name, last_name, e_dept_id,  D_dept_id , department_name,salary
    -> from ( select Employee_id, first_name, last_name,E.Department_id as e_dept_id, D.Department_id as D_dept_id , D.department_name,E.salary from employees E,departments D where E.department_id = D.department_id and D.department_name ='IT') je where salary > avg(salary);
ERROR 1111 (HY000): Invalid use of group function
MariaDB [csd2204w18]> select Employee_id, first_name, last_name, e_dept_id,  D_dept_id , department_name,salary
    -> from ( select Employee_id, first_name, last_name,E.Department_id as e_dept_id, D.Department_id as D_dept_id , D.department_name,E.salary from employees E,departments D where E.department_id = D.department_id and D.department_name ='IT') je where salary > avg(salary)
    -> group by employee_id;
ERROR 1111 (HY000): Invalid use of group function
MariaDB [csd2204w18]> desc employees;
+----------------+--------------+------+-----+---------+-------+
| Field          | Type         | Null | Key | Default | Extra |
+----------------+--------------+------+-----+---------+-------+
| EMPLOYEE_ID    | decimal(6,0) | NO   | PRI | 0       |       |
| FIRST_NAME     | varchar(20)  | YES  |     | NULL    |       |
| LAST_NAME      | varchar(25)  | NO   | MUL | NULL    |       |
| EMAIL          | varchar(25)  | NO   | UNI | NULL    |       |
| PHONE_NUMBER   | varchar(20)  | YES  |     | NULL    |       |
| HIRE_DATE      | date         | NO   |     | NULL    |       |
| JOB_ID         | varchar(10)  | NO   | MUL | NULL    |       |
| SALARY         | decimal(8,2) | YES  |     | NULL    |       |
| COMMISSION_PCT | decimal(2,2) | YES  |     | NULL    |       |
| MANAGER_ID     | decimal(6,0) | YES  | MUL | NULL    |       |
| DEPARTMENT_ID  | decimal(4,0) | YES  | MUL | NULL    |       |
+----------------+--------------+------+-----+---------+-------+
11 rows in set (0.01 sec)

MariaDB [csd2204w18]> desc jobs;
+------------+--------------+------+-----+---------+-------+
| Field      | Type         | Null | Key | Default | Extra |
+------------+--------------+------+-----+---------+-------+
| JOB_ID     | varchar(10)  | NO   | PRI |         |       |
| JOB_TITLE  | varchar(35)  | NO   |     | NULL    |       |
| MIN_SALARY | decimal(6,0) | YES  |     | NULL    |       |
| MAX_SALARY | decimal(6,0) | YES  |     | NULL    |       |
+------------+--------------+------+-----+---------+-------+
4 rows in set (0.00 sec)

MariaDB [csd2204w18]> select First_name, salary,Job_title from employee E,jobs J
    -> where E.job_id = J.job_id and J.Job_title = 'Shipping';
ERROR 1146 (42S02): Table 'csd2204w18.employee' doesn't exist
MariaDB [csd2204w18]> select First_name, salary,Job_title from employees E,jobs J
    -> where E.job_id = J.job_id and J.Job_title = 'Shipping';
Empty set (0.00 sec)

MariaDB [csd2204w18]> select First_name, salary,Job_title from employee E,jobs J
    -> where E.job_id = J.job_id and Job_title = 'Shipping';
ERROR 1146 (42S02): Table 'csd2204w18.employee' doesn't exist
MariaDB [csd2204w18]> select First_name, salary,Job_title from employees E,jobs J
    -> where E.job_id = J.job_id and Job_title = 'Shipping';
Empty set (0.00 sec)

MariaDB [csd2204w18]> desc employees;
+----------------+--------------+------+-----+---------+-------+
| Field          | Type         | Null | Key | Default | Extra |
+----------------+--------------+------+-----+---------+-------+
| EMPLOYEE_ID    | decimal(6,0) | NO   | PRI | 0       |       |
| FIRST_NAME     | varchar(20)  | YES  |     | NULL    |       |
| LAST_NAME      | varchar(25)  | NO   | MUL | NULL    |       |
| EMAIL          | varchar(25)  | NO   | UNI | NULL    |       |
| PHONE_NUMBER   | varchar(20)  | YES  |     | NULL    |       |
| HIRE_DATE      | date         | NO   |     | NULL    |       |
| JOB_ID         | varchar(10)  | NO   | MUL | NULL    |       |
| SALARY         | decimal(8,2) | YES  |     | NULL    |       |
| COMMISSION_PCT | decimal(2,2) | YES  |     | NULL    |       |
| MANAGER_ID     | decimal(6,0) | YES  | MUL | NULL    |       |
| DEPARTMENT_ID  | decimal(4,0) | YES  | MUL | NULL    |       |
+----------------+--------------+------+-----+---------+-------+
11 rows in set (0.00 sec)

MariaDB [csd2204w18]> select * from employees;
+-------------+-------------+-------------+----------+--------------------+------------+------------+----------+----------------+------------+---------------+
| EMPLOYEE_ID | FIRST_NAME  | LAST_NAME   | EMAIL    | PHONE_NUMBER       | HIRE_DATE  | JOB_ID     | SALARY   | COMMISSION_PCT | MANAGER_ID | DEPARTMENT_ID |
+-------------+-------------+-------------+----------+--------------------+------------+------------+----------+----------------+------------+---------------+
|         100 | Steven      | King        | SKING    | 515.123.4567       | 1987-06-17 | AD_PRES    | 24000.00 |           0.00 |          0 |            90 |
|         101 | Neena       | Kochhar     | NKOCHHAR | 515.123.4568       | 1987-06-18 | AD_VP      | 17000.00 |           0.00 |        100 |            90 |
|         102 | Lex         | De Haan     | LDEHAAN  | 515.123.4569       | 1987-06-19 | AD_VP      | 17000.00 |           0.00 |        100 |            90 |
|         103 | Alexander   | Hunold      | AHUNOLD  | 590.423.4567       | 1987-06-20 | IT_PROG    |  9000.00 |           0.00 |        102 |            60 |
|         104 | Bruce       | Ernst       | BERNST   | 590.423.4568       | 1987-06-21 | IT_PROG    |  6000.00 |           0.00 |        103 |            60 |
|         105 | David       | Austin      | DAUSTIN  | 590.423.4569       | 1987-06-22 | IT_PROG    |  4800.00 |           0.00 |        103 |            60 |
|         106 | Valli       | Pataballa   | VPATABAL | 590.423.4560       | 1987-06-23 | IT_PROG    |  4800.00 |           0.00 |        103 |            60 |
|         107 | Diana       | Lorentz     | DLORENTZ | 590.423.5567       | 1987-06-24 | IT_PROG    |  4200.00 |           0.00 |        103 |            60 |
|         108 | Nancy       | Greenberg   | NGREENBE | 515.124.4569       | 1987-06-25 | FI_MGR     | 12000.00 |           0.00 |        101 |           100 |
|         109 | Daniel      | Faviet      | DFAVIET  | 515.124.4169       | 1987-06-26 | FI_ACCOUNT |  9000.00 |           0.00 |        108 |           100 |
|         110 | John        | Chen        | JCHEN    | 515.124.4269       | 1987-06-27 | FI_ACCOUNT |  8200.00 |           0.00 |        108 |           100 |
|         111 | Ismael      | Sciarra     | ISCIARRA | 515.124.4369       | 1987-06-28 | FI_ACCOUNT |  7700.00 |           0.00 |        108 |           100 |
|         112 | Jose Manuel | Urman       | JMURMAN  | 515.124.4469       | 1987-06-29 | FI_ACCOUNT |  7800.00 |           0.00 |        108 |           100 |
|         113 | Luis        | Popp        | LPOPP    | 515.124.4567       | 1987-06-30 | FI_ACCOUNT |  6900.00 |           0.00 |        108 |           100 |
|         114 | Den         | Raphaely    | DRAPHEAL | 515.127.4561       | 1987-07-01 | PU_MAN     | 11000.00 |           0.00 |        100 |            30 |
|         115 | Alexander   | Khoo        | AKHOO    | 515.127.4562       | 1987-07-02 | PU_CLERK   |  3100.00 |           0.00 |        114 |            30 |
|         116 | Shelli      | Baida       | SBAIDA   | 515.127.4563       | 1987-07-03 | PU_CLERK   |  2900.00 |           0.00 |        114 |            30 |
|         117 | Sigal       | Tobias      | STOBIAS  | 515.127.4564       | 1987-07-04 | PU_CLERK   |  2800.00 |           0.00 |        114 |            30 |
|         118 | Guy         | Himuro      | GHIMURO  | 515.127.4565       | 1987-07-05 | PU_CLERK   |  2600.00 |           0.00 |        114 |            30 |
|         119 | Karen       | Colmenares  | KCOLMENA | 515.127.4566       | 1987-07-06 | PU_CLERK   |  2500.00 |           0.00 |        114 |            30 |
|         120 | Matthew     | Weiss       | MWEISS   | 650.123.1234       | 1987-07-07 | ST_MAN     |  8000.00 |           0.00 |        100 |            50 |
|         121 | Adam        | Fripp       | AFRIPP   | 650.123.2234       | 1987-07-08 | ST_MAN     |  8200.00 |           0.00 |        100 |            50 |
|         122 | Payam       | Kaufling    | PKAUFLIN | 650.123.3234       | 1987-07-09 | ST_MAN     |  7900.00 |           0.00 |        100 |            50 |
|         123 | Shanta      | Vollman     | SVOLLMAN | 650.123.4234       | 1987-07-10 | ST_MAN     |  6500.00 |           0.00 |        100 |            50 |
|         124 | Kevin       | Mourgos     | KMOURGOS | 650.123.5234       | 1987-07-11 | ST_MAN     |  5800.00 |           0.00 |        100 |            50 |
|         125 | Julia       | Nayer       | JNAYER   | 650.124.1214       | 1987-07-12 | ST_CLERK   |  3200.00 |           0.00 |        120 |            50 |
|         126 | Irene       | Mikkilineni | IMIKKILI | 650.124.1224       | 1987-07-13 | ST_CLERK   |  2700.00 |           0.00 |        120 |            50 |
|         127 | James       | Landry      | JLANDRY  | 650.124.1334       | 1987-07-14 | ST_CLERK   |  2400.00 |           0.00 |        120 |            50 |
|         128 | Steven      | Markle      | SMARKLE  | 650.124.1434       | 1987-07-15 | ST_CLERK   |  2200.00 |           0.00 |        120 |            50 |
|         129 | Laura       | Bissot      | LBISSOT  | 650.124.5234       | 1987-07-16 | ST_CLERK   |  3300.00 |           0.00 |        121 |            50 |
|         130 | Mozhe       | Atkinson    | MATKINSO | 650.124.6234       | 1987-07-17 | ST_CLERK   |  2800.00 |           0.00 |        121 |            50 |
|         131 | James       | Marlow      | JAMRLOW  | 650.124.7234       | 1987-07-18 | ST_CLERK   |  2500.00 |           0.00 |        121 |            50 |
|         132 | TJ          | Olson       | TJOLSON  | 650.124.8234       | 1987-07-19 | ST_CLERK   |  2100.00 |           0.00 |        121 |            50 |
|         133 | Jason       | Mallin      | JMALLIN  | 650.127.1934       | 1987-07-20 | ST_CLERK   |  3300.00 |           0.00 |        122 |            50 |
|         134 | Michael     | Rogers      | MROGERS  | 650.127.1834       | 1987-07-21 | ST_CLERK   |  2900.00 |           0.00 |        122 |            50 |
|         135 | Ki          | Gee         | KGEE     | 650.127.1734       | 1987-07-22 | ST_CLERK   |  2400.00 |           0.00 |        122 |            50 |
|         136 | Hazel       | Philtanker  | HPHILTAN | 650.127.1634       | 1987-07-23 | ST_CLERK   |  2200.00 |           0.00 |        122 |            50 |
|         137 | Renske      | Ladwig      | RLADWIG  | 650.121.1234       | 1987-07-24 | ST_CLERK   |  3600.00 |           0.00 |        123 |            50 |
|         138 | Stephen     | Stiles      | SSTILES  | 650.121.2034       | 1987-07-25 | ST_CLERK   |  3200.00 |           0.00 |        123 |            50 |
|         139 | John        | Seo         | JSEO     | 650.121.2019       | 1987-07-26 | ST_CLERK   |  2700.00 |           0.00 |        123 |            50 |
|         140 | Joshua      | Patel       | JPATEL   | 650.121.1834       | 1987-07-27 | ST_CLERK   |  2500.00 |           0.00 |        123 |            50 |
|         141 | Trenna      | Rajs        | TRAJS    | 650.121.8009       | 1987-07-28 | ST_CLERK   |  3500.00 |           0.00 |        124 |            50 |
|         142 | Curtis      | Davies      | CDAVIES  | 650.121.2994       | 1987-07-29 | ST_CLERK   |  3100.00 |           0.00 |        124 |            50 |
|         143 | Randall     | Matos       | RMATOS   | 650.121.2874       | 1987-07-30 | ST_CLERK   |  2600.00 |           0.00 |        124 |            50 |
|         144 | Peter       | Vargas      | PVARGAS  | 650.121.2004       | 1987-07-31 | ST_CLERK   |  2500.00 |           0.00 |        124 |            50 |
|         145 | John        | Russell     | JRUSSEL  | 011.44.1344.429268 | 1987-08-01 | SA_MAN     | 14000.00 |           0.40 |        100 |            80 |
|         146 | Karen       | Partners    | KPARTNER | 011.44.1344.467268 | 1987-08-02 | SA_MAN     | 13500.00 |           0.30 |        100 |            80 |
|         147 | Alberto     | Errazuriz   | AERRAZUR | 011.44.1344.429278 | 1987-08-03 | SA_MAN     | 12000.00 |           0.30 |        100 |            80 |
|         148 | Gerald      | Cambrault   | GCAMBRAU | 011.44.1344.619268 | 1987-08-04 | SA_MAN     | 11000.00 |           0.30 |        100 |            80 |
|         149 | Eleni       | Zlotkey     | EZLOTKEY | 011.44.1344.429018 | 1987-08-05 | SA_MAN     | 10500.00 |           0.20 |        100 |            80 |
|         150 | Peter       | Tucker      | PTUCKER  | 011.44.1344.129268 | 1987-08-06 | SA_REP     | 10000.00 |           0.30 |        145 |            80 |
|         151 | David       | Bernstein   | DBERNSTE | 011.44.1344.345268 | 1987-08-07 | SA_REP     |  9500.00 |           0.25 |        145 |            80 |
|         152 | Peter       | Hall        | PHALL    | 011.44.1344.478968 | 1987-08-08 | SA_REP     |  9000.00 |           0.25 |        145 |            80 |
|         153 | Christopher | Olsen       | COLSEN   | 011.44.1344.498718 | 1987-08-09 | SA_REP     |  8000.00 |           0.20 |        145 |            80 |
|         154 | Nanette     | Cambrault   | NCAMBRAU | 011.44.1344.987668 | 1987-08-10 | SA_REP     |  7500.00 |           0.20 |        145 |            80 |
|         155 | Oliver      | Tuvault     | OTUVAULT | 011.44.1344.486508 | 1987-08-11 | SA_REP     |  7000.00 |           0.15 |        145 |            80 |
|         156 | Janette     | King        | JKING    | 011.44.1345.429268 | 1987-08-12 | SA_REP     | 10000.00 |           0.35 |        146 |            80 |
|         157 | Patrick     | Sully       | PSULLY   | 011.44.1345.929268 | 1987-08-13 | SA_REP     |  9500.00 |           0.35 |        146 |            80 |
|         158 | Allan       | McEwen      | AMCEWEN  | 011.44.1345.829268 | 1987-08-14 | SA_REP     |  9000.00 |           0.35 |        146 |            80 |
|         159 | Lindsey     | Smith       | LSMITH   | 011.44.1345.729268 | 1987-08-15 | SA_REP     |  8000.00 |           0.30 |        146 |            80 |
|         160 | Louise      | Doran       | LDORAN   | 011.44.1345.629268 | 1987-08-16 | SA_REP     |  7500.00 |           0.30 |        146 |            80 |
|         161 | Sarath      | Sewall      | SSEWALL  | 011.44.1345.529268 | 1987-08-17 | SA_REP     |  7000.00 |           0.25 |        146 |            80 |
|         162 | Clara       | Vishney     | CVISHNEY | 011.44.1346.129268 | 1987-08-18 | SA_REP     | 10500.00 |           0.25 |        147 |            80 |
|         163 | Danielle    | Greene      | DGREENE  | 011.44.1346.229268 | 1987-08-19 | SA_REP     |  9500.00 |           0.15 |        147 |            80 |
|         164 | Mattea      | Marvins     | MMARVINS | 011.44.1346.329268 | 1987-08-20 | SA_REP     |  7200.00 |           0.10 |        147 |            80 |
|         165 | David       | Lee         | DLEE     | 011.44.1346.529268 | 1987-08-21 | SA_REP     |  6800.00 |           0.10 |        147 |            80 |
|         166 | Sundar      | Ande        | SANDE    | 011.44.1346.629268 | 1987-08-22 | SA_REP     |  6400.00 |           0.10 |        147 |            80 |
|         167 | Amit        | Banda       | ABANDA   | 011.44.1346.729268 | 1987-08-23 | SA_REP     |  6200.00 |           0.10 |        147 |            80 |
|         168 | Lisa        | Ozer        | LOZER    | 011.44.1343.929268 | 1987-08-24 | SA_REP     | 11500.00 |           0.25 |        148 |            80 |
|         169 | Harrison    | Bloom       | HBLOOM   | 011.44.1343.829268 | 1987-08-25 | SA_REP     | 10000.00 |           0.20 |        148 |            80 |
|         170 | Tayler      | Fox         | TFOX     | 011.44.1343.729268 | 1987-08-26 | SA_REP     |  9600.00 |           0.20 |        148 |            80 |
|         171 | William     | Smith       | WSMITH   | 011.44.1343.629268 | 1987-08-27 | SA_REP     |  7400.00 |           0.15 |        148 |            80 |
|         172 | Elizabeth   | Bates       | EBATES   | 011.44.1343.529268 | 1987-08-28 | SA_REP     |  7300.00 |           0.15 |        148 |            80 |
|         173 | Sundita     | Kumar       | SKUMAR   | 011.44.1343.329268 | 1987-08-29 | SA_REP     |  6100.00 |           0.10 |        148 |            80 |
|         174 | Ellen       | Abel        | EABEL    | 011.44.1644.429267 | 1987-08-30 | SA_REP     | 11000.00 |           0.30 |        149 |            80 |
|         175 | Alyssa      | Hutton      | AHUTTON  | 011.44.1644.429266 | 1987-08-31 | SA_REP     |  8800.00 |           0.25 |        149 |            80 |
|         176 | Jonathon    | Taylor      | JTAYLOR  | 011.44.1644.429265 | 1987-09-01 | SA_REP     |  8600.00 |           0.20 |        149 |            80 |
|         177 | Jack        | Livingston  | JLIVINGS | 011.44.1644.429264 | 1987-09-02 | SA_REP     |  8400.00 |           0.20 |        149 |            80 |
|         178 | Kimberely   | Grant       | KGRANT   | 011.44.1644.429263 | 1987-09-03 | SA_REP     |  7000.00 |           0.15 |        149 |             0 |
|         179 | Charles     | Johnson     | CJOHNSON | 011.44.1644.429262 | 1987-09-04 | SA_REP     |  6200.00 |           0.10 |        149 |            80 |
|         180 | Winston     | Taylor      | WTAYLOR  | 650.507.9876       | 1987-09-05 | SH_CLERK   |  3200.00 |           0.00 |        120 |            50 |
|         181 | Jean        | Fleaur      | JFLEAUR  | 650.507.9877       | 1987-09-06 | SH_CLERK   |  3100.00 |           0.00 |        120 |            50 |
|         182 | Martha      | Sullivan    | MSULLIVA | 650.507.9878       | 1987-09-07 | SH_CLERK   |  2500.00 |           0.00 |        120 |            50 |
|         183 | Girard      | Geoni       | GGEONI   | 650.507.9879       | 1987-09-08 | SH_CLERK   |  2800.00 |           0.00 |        120 |            50 |
|         184 | Nandita     | Sarchand    | NSARCHAN | 650.509.1876       | 1987-09-09 | SH_CLERK   |  4200.00 |           0.00 |        121 |            50 |
|         185 | Alexis      | Bull        | ABULL    | 650.509.2876       | 1987-09-10 | SH_CLERK   |  4100.00 |           0.00 |        121 |            50 |
|         186 | Julia       | Dellinger   | JDELLING | 650.509.3876       | 1987-09-11 | SH_CLERK   |  3400.00 |           0.00 |        121 |            50 |
|         187 | Anthony     | Cabrio      | ACABRIO  | 650.509.4876       | 1987-09-12 | SH_CLERK   |  3000.00 |           0.00 |        121 |            50 |
|         188 | Kelly       | Chung       | KCHUNG   | 650.505.1876       | 1987-09-13 | SH_CLERK   |  3800.00 |           0.00 |        122 |            50 |
|         189 | Jennifer    | Dilly       | JDILLY   | 650.505.2876       | 1987-09-14 | SH_CLERK   |  3600.00 |           0.00 |        122 |            50 |
|         190 | Timothy     | Gates       | TGATES   | 650.505.3876       | 1987-09-15 | SH_CLERK   |  2900.00 |           0.00 |        122 |            50 |
|         191 | Randall     | Perkins     | RPERKINS | 650.505.4876       | 1987-09-16 | SH_CLERK   |  2500.00 |           0.00 |        122 |            50 |
|         192 | Sarah       | Bell        | SBELL    | 650.501.1876       | 1987-09-17 | SH_CLERK   |  4000.00 |           0.00 |        123 |            50 |
|         193 | Britney     | Everett     | BEVERETT | 650.501.2876       | 1987-09-18 | SH_CLERK   |  3900.00 |           0.00 |        123 |            50 |
|         194 | Samuel      | McCain      | SMCCAIN  | 650.501.3876       | 1987-09-19 | SH_CLERK   |  3200.00 |           0.00 |        123 |            50 |
|         195 | Vance       | Jones       | VJONES   | 650.501.4876       | 1987-09-20 | SH_CLERK   |  2800.00 |           0.00 |        123 |            50 |
|         196 | Alana       | Walsh       | AWALSH   | 650.507.9811       | 1987-09-21 | SH_CLERK   |  3100.00 |           0.00 |        124 |            50 |
|         197 | Kevin       | Feeney      | KFEENEY  | 650.507.9822       | 1987-09-22 | SH_CLERK   |  3000.00 |           0.00 |        124 |            50 |
|         198 | Donald      | OConnell    | DOCONNEL | 650.507.9833       | 1987-09-23 | SH_CLERK   |  2600.00 |           0.00 |        124 |            50 |
|         199 | Douglas     | Grant       | DGRANT   | 650.507.9844       | 1987-09-24 | SH_CLERK   |  2600.00 |           0.00 |        124 |            50 |
|         200 | Jennifer    | Whalen      | JWHALEN  | 515.123.4444       | 1987-09-25 | AD_ASST    |  4400.00 |           0.00 |        101 |            10 |
|         201 | Michael     | Hartstein   | MHARTSTE | 515.123.5555       | 1987-09-26 | MK_MAN     | 13000.00 |           0.00 |        100 |            20 |
|         202 | Pat         | Fay         | PFAY     | 603.123.6666       | 1987-09-27 | MK_REP     |  6000.00 |           0.00 |        201 |            20 |
|         203 | Susan       | Mavris      | SMAVRIS  | 515.123.7777       | 1987-09-28 | HR_REP     |  6500.00 |           0.00 |        101 |            40 |
|         204 | Hermann     | Baer        | HBAER    | 515.123.8888       | 1987-09-29 | PR_REP     | 10000.00 |           0.00 |        101 |            70 |
|         205 | Shelley     | Higgins     | SHIGGINS | 515.123.8080       | 1987-09-30 | AC_MGR     | 12000.00 |           0.00 |        101 |           110 |
|         206 | William     | Gietz       | WGIETZ   | 515.123.8181       | 1987-10-01 | AC_ACCOUNT |  8300.00 |           0.00 |        205 |           110 |
+-------------+-------------+-------------+----------+--------------------+------------+------------+----------+----------------+------------+---------------+
107 rows in set (0.00 sec)

MariaDB [csd2204w18]> Select b.first_name, b.last_name
    -> From employees b where NOT EXISTS
    -> (select Y FROM employees a
    `>  WHERE a.manager_id = b.employee_id);
    `>
    `> ;
    `> `
    -> ;
ERROR 1064 (42000): You have an error in your SQL syntax; check the manual that corresponds to your MariaDB server version for the right syntax to use near '' at line 3
MariaDB [csd2204w18]> Select b.first_name, b.last_name
    -> From employees b where NOT EXISTS
    -> (select X FROM employees a
    `>  WHERE a.manager_id = b.employee_id);
    `> `
    -> ;
ERROR 1064 (42000): You have an error in your SQL syntax; check the manual that corresponds to your MariaDB server version for the right syntax to use near '' at line 3
MariaDB [csd2204w18]> Select b.first_name, b.last_name From employees b where NOT EXISTS
    -> (select X FROM employees a WHERE a.manager_id = b.employee_id);
    `> `
    -> ;
ERROR 1064 (42000): You have an error in your SQL syntax; check the manual that corresponds to your MariaDB server version for the right syntax to use near '' at line 2
MariaDB [csd2204w18]>
MariaDB [csd2204w18]>
MariaDB [csd2204w18]>
MariaDB [csd2204w18]>
MariaDB [csd2204w18]>
MariaDB [csd2204w18]> Select b.first_name, b.last_name From employees b where NOT EXISTS
    -> (select x FROM employees a WHERE a.manager_id = b.employee_id);
    `> `;
ERROR 1064 (42000): You have an error in your SQL syntax; check the manual that corresponds to your MariaDB server version for the right syntax to use near '' at line 2
MariaDB [csd2204w18]> Select b.first_name, b.last_name From employees b where NOT EXISTS (select x FROM employees a WHERE a.manager_id = b.employee_id);
    `> `
    -> ;
ERROR 1064 (42000): You have an error in your SQL syntax; check the manual that corresponds to your MariaDB server version for the right syntax to use near '' at line 1
MariaDB [csd2204w18]> select b.first_name, b.last_name from employees b
    -> where not exists ( select 'x' from employees a where a.manager_id = b.employee_id);
+-------------+-------------+
| first_name  | last_name   |
+-------------+-------------+
| Bruce       | Ernst       |
| David       | Austin      |
| Valli       | Pataballa   |
| Diana       | Lorentz     |
| Daniel      | Faviet      |
| John        | Chen        |
| Ismael      | Sciarra     |
| Jose Manuel | Urman       |
| Luis        | Popp        |
| Alexander   | Khoo        |
| Shelli      | Baida       |
| Sigal       | Tobias      |
| Guy         | Himuro      |
| Karen       | Colmenares  |
| Julia       | Nayer       |
| Irene       | Mikkilineni |
| James       | Landry      |
| Steven      | Markle      |
| Laura       | Bissot      |
| Mozhe       | Atkinson    |
| James       | Marlow      |
| TJ          | Olson       |
| Jason       | Mallin      |
| Michael     | Rogers      |
| Ki          | Gee         |
| Hazel       | Philtanker  |
| Renske      | Ladwig      |
| Stephen     | Stiles      |
| John        | Seo         |
| Joshua      | Patel       |
| Trenna      | Rajs        |
| Curtis      | Davies      |
| Randall     | Matos       |
| Peter       | Vargas      |
| Peter       | Tucker      |
| David       | Bernstein   |
| Peter       | Hall        |
| Christopher | Olsen       |
| Nanette     | Cambrault   |
| Oliver      | Tuvault     |
| Janette     | King        |
| Patrick     | Sully       |
| Allan       | McEwen      |
| Lindsey     | Smith       |
| Louise      | Doran       |
| Sarath      | Sewall      |
| Clara       | Vishney     |
| Danielle    | Greene      |
| Mattea      | Marvins     |
| David       | Lee         |
| Sundar      | Ande        |
| Amit        | Banda       |
| Lisa        | Ozer        |
| Harrison    | Bloom       |
| Tayler      | Fox         |
| William     | Smith       |
| Elizabeth   | Bates       |
| Sundita     | Kumar       |
| Ellen       | Abel        |
| Alyssa      | Hutton      |
| Jonathon    | Taylor      |
| Jack        | Livingston  |
| Kimberely   | Grant       |
| Charles     | Johnson     |
| Winston     | Taylor      |
| Jean        | Fleaur      |
| Martha      | Sullivan    |
| Girard      | Geoni       |
| Nandita     | Sarchand    |
| Alexis      | Bull        |
| Julia       | Dellinger   |
| Anthony     | Cabrio      |
| Kelly       | Chung       |
| Jennifer    | Dilly       |
| Timothy     | Gates       |
| Randall     | Perkins     |
| Sarah       | Bell        |
| Britney     | Everett     |
| Samuel      | McCain      |
| Vance       | Jones       |
| Alana       | Walsh       |
| Kevin       | Feeney      |
| Donald      | OConnell    |
| Douglas     | Grant       |
| Jennifer    | Whalen      |
| Pat         | Fay         |
| Susan       | Mavris      |
| Hermann     | Baer        |
| William     | Gietz       |
+-------------+-------------+
89 rows in set (0.03 sec)

MariaDB [csd2204w18]> Select employees_id, first_name, Last_name,
    -> (select department_name from department d
    -> Where e.department_id = d.department_id) department
    -> From employee e ORDER BY department;
ERROR 1146 (42S02): Table 'csd2204w18.employee' doesn't exist
MariaDB [csd2204w18]> Select employees_id, first_name, Last_name,
    -> (select department_name from department d
    -> Where e.department_id = d.department_id) department
    -> From employee e ORDER BY department;
ERROR 1146 (42S02): Table 'csd2204w18.employee' doesn't exist
MariaDB [csd2204w18]> Select employees_id, first_name, Last_name,
    -> (select department_name from department d
    -> Where e.department_id = d.department_id) department
    -> From employees e ORDER BY department;
ERROR 1146 (42S02): Table 'csd2204w18.department' doesn't exist
MariaDB [csd2204w18]> Select employees_id, first_name, Last_name,
    -> (select department_name from department d
    -> Where e.department_id = d.department_id) department
    -> From employees e ORDER BY department;
ERROR 1146 (42S02): Table 'csd2204w18.department' doesn't exist
MariaDB [csd2204w18]> Select employees_id, first_name, Last_name,
    -> (select department_name from departments d
    -> Where e.department_id = d.department_id) department
    -> From employees e ORDER BY department;
ERROR 1054 (42S22): Unknown column 'employees_id' in 'field list'
MariaDB [csd2204w18]>   Select employee_id, first_name, Last_name,
    -> (select department_name from departments d
    -> Where e.department_id = d.department_id) department
    -> From employees e ORDER BY department;
+-------------+-------------+-------------+------------------+
| employee_id | first_name  | Last_name   | department       |
+-------------+-------------+-------------+------------------+
|         178 | Kimberely   | Grant       | NULL             |
|         205 | Shelley     | Higgins     | Accounting       |
|         206 | William     | Gietz       | Accounting       |
|         200 | Jennifer    | Whalen      | Administration   |
|         100 | Steven      | King        | Executive        |
|         102 | Lex         | De Haan     | Executive        |
|         101 | Neena       | Kochhar     | Executive        |
|         112 | Jose Manuel | Urman       | Finance          |
|         113 | Luis        | Popp        | Finance          |
|         111 | Ismael      | Sciarra     | Finance          |
|         110 | John        | Chen        | Finance          |
|         109 | Daniel      | Faviet      | Finance          |
|         108 | Nancy       | Greenberg   | Finance          |
|         203 | Susan       | Mavris      | Human Resources  |
|         103 | Alexander   | Hunold      | IT               |
|         104 | Bruce       | Ernst       | IT               |
|         105 | David       | Austin      | IT               |
|         107 | Diana       | Lorentz     | IT               |
|         106 | Valli       | Pataballa   | IT               |
|         202 | Pat         | Fay         | Marketing        |
|         201 | Michael     | Hartstein   | Marketing        |
|         204 | Hermann     | Baer        | Public Relations |
|         118 | Guy         | Himuro      | Purchasing       |
|         114 | Den         | Raphaely    | Purchasing       |
|         115 | Alexander   | Khoo        | Purchasing       |
|         116 | Shelli      | Baida       | Purchasing       |
|         117 | Sigal       | Tobias      | Purchasing       |
|         119 | Karen       | Colmenares  | Purchasing       |
|         163 | Danielle    | Greene      | Sales            |
|         162 | Clara       | Vishney     | Sales            |
|         161 | Sarath      | Sewall      | Sales            |
|         160 | Louise      | Doran       | Sales            |
|         159 | Lindsey     | Smith       | Sales            |
|         158 | Allan       | McEwen      | Sales            |
|         157 | Patrick     | Sully       | Sales            |
|         156 | Janette     | King        | Sales            |
|         155 | Oliver      | Tuvault     | Sales            |
|         154 | Nanette     | Cambrault   | Sales            |
|         153 | Christopher | Olsen       | Sales            |
|         164 | Mattea      | Marvins     | Sales            |
|         165 | David       | Lee         | Sales            |
|         167 | Amit        | Banda       | Sales            |
|         177 | Jack        | Livingston  | Sales            |
|         176 | Jonathon    | Taylor      | Sales            |
|         175 | Alyssa      | Hutton      | Sales            |
|         174 | Ellen       | Abel        | Sales            |
|         173 | Sundita     | Kumar       | Sales            |
|         172 | Elizabeth   | Bates       | Sales            |
|         171 | William     | Smith       | Sales            |
|         170 | Tayler      | Fox         | Sales            |
|         169 | Harrison    | Bloom       | Sales            |
|         168 | Lisa        | Ozer        | Sales            |
|         179 | Charles     | Johnson     | Sales            |
|         152 | Peter       | Hall        | Sales            |
|         145 | John        | Russell     | Sales            |
|         146 | Karen       | Partners    | Sales            |
|         147 | Alberto     | Errazuriz   | Sales            |
|         148 | Gerald      | Cambrault   | Sales            |
|         149 | Eleni       | Zlotkey     | Sales            |
|         150 | Peter       | Tucker      | Sales            |
|         151 | David       | Bernstein   | Sales            |
|         166 | Sundar      | Ande        | Sales            |
|         194 | Samuel      | McCain      | Shipping         |
|         193 | Britney     | Everett     | Shipping         |
|         192 | Sarah       | Bell        | Shipping         |
|         191 | Randall     | Perkins     | Shipping         |
|         190 | Timothy     | Gates       | Shipping         |
|         189 | Jennifer    | Dilly       | Shipping         |
|         188 | Kelly       | Chung       | Shipping         |
|         187 | Anthony     | Cabrio      | Shipping         |
|         186 | Julia       | Dellinger   | Shipping         |
|         195 | Vance       | Jones       | Shipping         |
|         196 | Alana       | Walsh       | Shipping         |
|         197 | Kevin       | Feeney      | Shipping         |
|         180 | Winston     | Taylor      | Shipping         |
|         120 | Matthew     | Weiss       | Shipping         |
|         121 | Adam        | Fripp       | Shipping         |
|         122 | Payam       | Kaufling    | Shipping         |
|         123 | Shanta      | Vollman     | Shipping         |
|         124 | Kevin       | Mourgos     | Shipping         |
|         125 | Julia       | Nayer       | Shipping         |
|         199 | Douglas     | Grant       | Shipping         |
|         198 | Donald      | OConnell    | Shipping         |
|         185 | Alexis      | Bull        | Shipping         |
|         184 | Nandita     | Sarchand    | Shipping         |
|         183 | Girard      | Geoni       | Shipping         |
|         135 | Ki          | Gee         | Shipping         |
|         136 | Hazel       | Philtanker  | Shipping         |
|         137 | Renske      | Ladwig      | Shipping         |
|         138 | Stephen     | Stiles      | Shipping         |
|         139 | John        | Seo         | Shipping         |
|         140 | Joshua      | Patel       | Shipping         |
|         141 | Trenna      | Rajs        | Shipping         |
|         142 | Curtis      | Davies      | Shipping         |
|         143 | Randall     | Matos       | Shipping         |
|         134 | Michael     | Rogers      | Shipping         |
|         133 | Jason       | Mallin      | Shipping         |
|         182 | Martha      | Sullivan    | Shipping         |
|         181 | Jean        | Fleaur      | Shipping         |
|         126 | Irene       | Mikkilineni | Shipping         |
|         127 | James       | Landry      | Shipping         |
|         128 | Steven      | Markle      | Shipping         |
|         129 | Laura       | Bissot      | Shipping         |
|         130 | Mozhe       | Atkinson    | Shipping         |
|         131 | James       | Marlow      | Shipping         |
|         132 | TJ          | Olson       | Shipping         |
|         144 | Peter       | Vargas      | Shipping         |
+-------------+-------------+-------------+------------------+
107 rows in set (0.11 sec)

MariaDB [csd2204w18]>